00:03:48 ----------------------------------------------------------------------------------------------------
00:03:48 [CheckSystemInformation] ClientVersion: 1.7.0, SystemVersion: 6.2.9200, MemoryUsage: 9480/15662mb
00:03:48 [SplashScreen] SplashType: 0, TextSwitch: 1, DisplayText: Licensed to: Mu Liberty - 97D
00:03:48 [CHClientInfoSend] IsReconnect: 0, ClientFileCRC: 654E0DAE, HackVersion: 1.7.0, HardwareId: 2FC3A75D-B9B991A5-CD1EE71B-BA04EFD7
00:03:48 [HCClientInfoRecv] Result: 0, EncDecKey: 0 - 0, InternalVersion: 0, Reconnect: 1, MemoryGuard: 0 - 3, MacroProtect: 1 - 6, MemoryAddress: E611B2 - E61F68 - E61F70 - 8793718 - 8128AC8 - E8C578 - 9D0040 - 9CFC26
00:03:48 [HCDumpListRecv] Count: 113, MaxCount: 303
00:03:48 [HCDumpListRecv] Count: 113, MaxCount: 303
00:03:48 [HCDumpListRecv] Count: 77, MaxCount: 303
00:03:48 [HCChecksumListRecv] Count: 0, MaxCount: 0
00:03:48 [HCInternalListRecv] Count: 15, MaxCount: 15
00:03:48 [HCWindowListRecv] Count: 0, MaxCount: 0
00:03:48 [EntryProc] DumpListMaxCount: 303, ChecksumListMaxCount: 0, InternalListMaxCount: 15, WindowListMaxCount: 0
00:03:50 [EntryProc] Initialization successful
00:04:34 ----------------------------------------------------------------------------------------------------
00:04:34 [CheckSystemInformation] ClientVersion: 1.7.0, SystemVersion: 6.2.9200, MemoryUsage: 9430/15662mb
00:04:34 [SplashScreen] SplashType: 0, TextSwitch: 1, DisplayText: Licensed to: Mu Liberty - 97D
00:04:34 [CHClientInfoSend] IsReconnect: 0, ClientFileCRC: 654E0DAE, HackVersion: 1.7.0, HardwareId: 2FC3A75D-B9B991A5-CD1EE71B-BA04EFD7
00:04:34 [HCClientInfoRecv] Result: 0, EncDecKey: 0 - 0, InternalVersion: 0, Reconnect: 1, MemoryGuard: 0 - 3, MacroProtect: 1 - 6, MemoryAddress: E611B2 - E61F68 - E61F70 - 8793718 - 8128AC8 - E8C578 - 9D0040 - 9CFC26
00:04:34 [HCDumpListRecv] Count: 113, MaxCount: 303
00:04:34 [HCDumpListRecv] Count: 113, MaxCount: 303
00:04:34 [HCDumpListRecv] Count: 77, MaxCount: 303
00:04:34 [HCChecksumListRecv] Count: 0, MaxCount: 0
00:04:34 [HCInternalListRecv] Count: 15, MaxCount: 15
00:04:34 [HCWindowListRecv] Count: 0, MaxCount: 0
00:04:35 [EntryProc] DumpListMaxCount: 303, ChecksumListMaxCount: 0, InternalListMaxCount: 15, WindowListMaxCount: 0
00:04:37 [EntryProc] Initialization successful
00:05:10 ----------------------------------------------------------------------------------------------------
00:05:10 [CheckSystemInformation] ClientVersion: 1.7.0, SystemVersion: 6.2.9200, MemoryUsage: 9147/15662mb
00:05:10 [SplashScreen] SplashType: 0, TextSwitch: 1, DisplayText: Licensed to: Mu Liberty - 97D
00:05:10 [CHClientInfoSend] IsReconnect: 0, ClientFileCRC: 654E0DAE, HackVersion: 1.7.0, HardwareId: 2FC3A75D-B9B991A5-CD1EE71B-BA04EFD7
00:05:10 [HCClientInfoRecv] Result: 0, EncDecKey: 0 - 0, InternalVersion: 0, Reconnect: 1, MemoryGuard: 0 - 3, MacroProtect: 1 - 6, MemoryAddress: E611B2 - E61F68 - E61F70 - 8793718 - 8128AC8 - E8C578 - 9D0040 - 9CFC26
00:05:10 [HCDumpListRecv] Count: 113, MaxCount: 303
00:05:10 [HCDumpListRecv] Count: 113, MaxCount: 303
00:05:10 [HCDumpListRecv] Count: 77, MaxCount: 303
00:05:10 [HCChecksumListRecv] Count: 0, MaxCount: 0
00:05:10 [HCInternalListRecv] Count: 15, MaxCount: 15
00:05:10 [HCWindowListRecv] Count: 0, MaxCount: 0
00:05:11 [EntryProc] DumpListMaxCount: 303, ChecksumListMaxCount: 0, InternalListMaxCount: 15, WindowListMaxCount: 0
00:05:13 [EntryProc] Initialization successful
00:05:45 ----------------------------------------------------------------------------------------------------
00:05:45 [CheckSystemInformation] ClientVersion: 1.7.0, SystemVersion: 6.2.9200, MemoryUsage: 9201/15662mb
00:05:45 [SplashScreen] SplashType: 0, TextSwitch: 1, DisplayText: Licensed to: Mu Liberty - 97D
00:05:45 [CHClientInfoSend] IsReconnect: 0, ClientFileCRC: 654E0DAE, HackVersion: 1.7.0, HardwareId: 2FC3A75D-B9B991A5-CD1EE71B-BA04EFD7
00:05:45 [HCClientInfoRecv] Result: 0, EncDecKey: 0 - 0, InternalVersion: 0, Reconnect: 1, MemoryGuard: 0 - 3, MacroProtect: 1 - 6, MemoryAddress: E611B2 - E61F68 - E61F70 - 8793718 - 8128AC8 - E8C578 - 9D0040 - 9CFC26
00:05:45 [HCDumpListRecv] Count: 113, MaxCount: 303
00:05:45 [HCDumpListRecv] Count: 113, MaxCount: 303
00:05:45 [HCDumpListRecv] Count: 77, MaxCount: 303
00:05:45 [HCChecksumListRecv] Count: 0, MaxCount: 0
00:05:45 [HCInternalListRecv] Count: 15, MaxCount: 15
00:05:45 [HCWindowListRecv] Count: 0, MaxCount: 0
00:05:46 [EntryProc] DumpListMaxCount: 303, ChecksumListMaxCount: 0, InternalListMaxCount: 15, WindowListMaxCount: 0
00:05:48 [EntryProc] Initialization successful
00:06:16 ----------------------------------------------------------------------------------------------------
00:06:16 [CheckSystemInformation] ClientVersion: 1.7.0, SystemVersion: 6.2.9200, MemoryUsage: 9190/15662mb
00:06:16 [SplashScreen] SplashType: 0, TextSwitch: 1, DisplayText: Licensed to: Mu Liberty - 97D
00:06:16 [CHClientInfoSend] IsReconnect: 0, ClientFileCRC: 654E0DAE, HackVersion: 1.7.0, HardwareId: 2FC3A75D-B9B991A5-CD1EE71B-BA04EFD7
00:06:16 [HCClientInfoRecv] Result: 0, EncDecKey: 0 - 0, InternalVersion: 0, Reconnect: 1, MemoryGuard: 0 - 3, MacroProtect: 1 - 6, MemoryAddress: E611B2 - E61F68 - E61F70 - 8793718 - 8128AC8 - E8C578 - 9D0040 - 9CFC26
00:06:16 [HCDumpListRecv] Count: 113, MaxCount: 303
00:06:16 [HCDumpListRecv] Count: 113, MaxCount: 303
00:06:16 [HCDumpListRecv] Count: 77, MaxCount: 303
00:06:16 [HCChecksumListRecv] Count: 0, MaxCount: 0
00:06:16 [HCInternalListRecv] Count: 15, MaxCount: 15
00:06:16 [HCWindowListRecv] Count: 0, MaxCount: 0
00:06:17 [EntryProc] DumpListMaxCount: 303, ChecksumListMaxCount: 0, InternalListMaxCount: 15, WindowListMaxCount: 0
00:06:19 [EntryProc] Initialization successful
00:07:09 ----------------------------------------------------------------------------------------------------
00:07:09 [CheckSystemInformation] ClientVersion: 1.7.0, SystemVersion: 6.2.9200, MemoryUsage: 9345/15662mb
00:07:09 [SplashScreen] SplashType: 0, TextSwitch: 1, DisplayText: Licensed to: Mu Liberty - 97D
00:07:09 [CHClientInfoSend] IsReconnect: 0, ClientFileCRC: 654E0DAE, HackVersion: 1.7.0, HardwareId: 2FC3A75D-B9B991A5-CD1EE71B-BA04EFD7
00:07:09 [HCClientInfoRecv] Result: 0, EncDecKey: 0 - 0, InternalVersion: 0, Reconnect: 1, MemoryGuard: 0 - 3, MacroProtect: 1 - 6, MemoryAddress: E611B2 - E61F68 - E61F70 - 8793718 - 8128AC8 - E8C578 - 9D0040 - 9CFC26
00:07:09 [HCDumpListRecv] Count: 113, MaxCount: 303
00:07:09 [HCDumpListRecv] Count: 113, MaxCount: 303
00:07:09 [HCDumpListRecv] Count: 77, MaxCount: 303
00:07:09 [HCChecksumListRecv] Count: 0, MaxCount: 0
00:07:09 [HCInternalListRecv] Count: 15, MaxCount: 15
00:07:09 [HCWindowListRecv] Count: 0, MaxCount: 0
00:07:09 [EntryProc] DumpListMaxCount: 303, ChecksumListMaxCount: 0, InternalListMaxCount: 15, WindowListMaxCount: 0
00:07:11 [EntryProc] Initialization successful
00:07:53 ----------------------------------------------------------------------------------------------------
00:07:53 [CheckSystemInformation] ClientVersion: 1.7.0, SystemVersion: 6.2.9200, MemoryUsage: 9343/15662mb
00:07:53 [SplashScreen] SplashType: 0, TextSwitch: 1, DisplayText: Licensed to: Mu Liberty - 97D
00:07:53 [CHClientInfoSend] IsReconnect: 0, ClientFileCRC: 654E0DAE, HackVersion: 1.7.0, HardwareId: 2FC3A75D-B9B991A5-CD1EE71B-BA04EFD7
00:07:53 [HCClientInfoRecv] Result: 0, EncDecKey: 0 - 0, InternalVersion: 0, Reconnect: 1, MemoryGuard: 0 - 3, MacroProtect: 1 - 6, MemoryAddress: E611B2 - E61F68 - E61F70 - 8793718 - 8128AC8 - E8C578 - 9D0040 - 9CFC26
00:07:53 [HCDumpListRecv] Count: 113, MaxCount: 303
00:07:53 [HCDumpListRecv] Count: 113, MaxCount: 303
00:07:53 [HCDumpListRecv] Count: 77, MaxCount: 303
00:07:53 [HCChecksumListRecv] Count: 0, MaxCount: 0
00:07:53 [HCInternalListRecv] Count: 15, MaxCount: 15
00:07:53 [HCWindowListRecv] Count: 0, MaxCount: 0
00:07:54 [EntryProc] DumpListMaxCount: 303, ChecksumListMaxCount: 0, InternalListMaxCount: 15, WindowListMaxCount: 0
00:07:56 [EntryProc] Initialization successful
00:08:43 ----------------------------------------------------------------------------------------------------
00:08:43 [CheckSystemInformation] ClientVersion: 1.7.0, SystemVersion: 6.2.9200, MemoryUsage: 9236/15662mb
00:08:43 [SplashScreen] SplashType: 0, TextSwitch: 1, DisplayText: Licensed to: Mu Liberty - 97D
00:08:43 [CHClientInfoSend] IsReconnect: 0, ClientFileCRC: 654E0DAE, HackVersion: 1.7.0, HardwareId: 2FC3A75D-B9B991A5-CD1EE71B-BA04EFD7
00:08:43 [HCClientInfoRecv] Result: 0, EncDecKey: 0 - 0, InternalVersion: 0, Reconnect: 1, MemoryGuard: 0 - 3, MacroProtect: 1 - 6, MemoryAddress: E611B2 - E61F68 - E61F70 - 8793718 - 8128AC8 - E8C578 - 9D0040 - 9CFC26
00:08:43 [HCDumpListRecv] Count: 113, MaxCount: 303
00:08:43 [HCDumpListRecv] Count: 113, MaxCount: 303
00:08:43 [HCDumpListRecv] Count: 77, MaxCount: 303
00:08:43 [HCChecksumListRecv] Count: 0, MaxCount: 0
00:08:43 [HCInternalListRecv] Count: 15, MaxCount: 15
00:08:43 [HCWindowListRecv] Count: 0, MaxCount: 0
00:08:44 [EntryProc] DumpListMaxCount: 303, ChecksumListMaxCount: 0, InternalListMaxCount: 15, WindowListMaxCount: 0
00:08:46 [EntryProc] Initialization successful
00:12:19 ----------------------------------------------------------------------------------------------------
00:12:19 [CheckSystemInformation] ClientVersion: 1.7.0, SystemVersion: 6.2.9200, MemoryUsage: 9185/15662mb
00:12:19 [SplashScreen] SplashType: 0, TextSwitch: 1, DisplayText: Licensed to: Mu Liberty - 97D
00:12:19 [CHClientInfoSend] IsReconnect: 0, ClientFileCRC: 654E0DAE, HackVersion: 1.7.0, HardwareId: 2FC3A75D-B9B991A5-CD1EE71B-BA04EFD7
00:12:19 [HCClientInfoRecv] Result: 0, EncDecKey: 0 - 0, InternalVersion: 0, Reconnect: 1, MemoryGuard: 0 - 3, MacroProtect: 1 - 6, MemoryAddress: E611B2 - E61F68 - E61F70 - 8793718 - 8128AC8 - E8C578 - 9D0040 - 9CFC26
00:12:19 [HCDumpListRecv] Count: 113, MaxCount: 303
00:12:19 [HCDumpListRecv] Count: 113, MaxCount: 303
00:12:19 [HCDumpListRecv] Count: 77, MaxCount: 303
00:12:19 [HCChecksumListRecv] Count: 0, MaxCount: 0
00:12:19 [HCInternalListRecv] Count: 15, MaxCount: 15
00:12:19 [HCWindowListRecv] Count: 0, MaxCount: 0
00:12:19 [EntryProc] DumpListMaxCount: 303, ChecksumListMaxCount: 0, InternalListMaxCount: 15, WindowListMaxCount: 0
00:12:21 [EntryProc] Initialization successful
00:15:20 ----------------------------------------------------------------------------------------------------
00:15:20 [CheckSystemInformation] ClientVersion: 1.7.0, SystemVersion: 6.2.9200, MemoryUsage: 9373/15662mb
00:15:20 [SplashScreen] SplashType: 0, TextSwitch: 1, DisplayText: Licensed to: Mu Liberty - 97D
00:15:20 [CHClientInfoSend] IsReconnect: 0, ClientFileCRC: 654E0DAE, HackVersion: 1.7.0, HardwareId: 2FC3A75D-B9B991A5-CD1EE71B-BA04EFD7
00:15:20 [HCClientInfoRecv] Result: 0, EncDecKey: 0 - 0, InternalVersion: 0, Reconnect: 1, MemoryGuard: 0 - 3, MacroProtect: 1 - 6, MemoryAddress: E611B2 - E61F68 - E61F70 - 8793718 - 8128AC8 - E8C578 - 9D0040 - 9CFC26
00:15:20 [HCDumpListRecv] Count: 113, MaxCount: 303
00:15:20 [HCDumpListRecv] Count: 113, MaxCount: 303
00:15:20 [HCDumpListRecv] Count: 77, MaxCount: 303
00:15:20 [HCChecksumListRecv] Count: 0, MaxCount: 0
00:15:20 [HCInternalListRecv] Count: 15, MaxCount: 15
00:15:20 [HCWindowListRecv] Count: 0, MaxCount: 0
00:15:21 [EntryProc] DumpListMaxCount: 303, ChecksumListMaxCount: 0, InternalListMaxCount: 15, WindowListMaxCount: 0
00:15:23 [EntryProc] Initialization successful
00:15:52 ----------------------------------------------------------------------------------------------------
00:15:52 [CheckSystemInformation] ClientVersion: 1.7.0, SystemVersion: 6.2.9200, MemoryUsage: 9367/15662mb
00:15:52 [SplashScreen] SplashType: 0, TextSwitch: 1, DisplayText: Licensed to: Mu Liberty - 97D
00:15:52 [CHClientInfoSend] IsReconnect: 0, ClientFileCRC: 654E0DAE, HackVersion: 1.7.0, HardwareId: 2FC3A75D-B9B991A5-CD1EE71B-BA04EFD7
00:15:52 [HCClientInfoRecv] Result: 0, EncDecKey: 0 - 0, InternalVersion: 0, Reconnect: 1, MemoryGuard: 0 - 3, MacroProtect: 1 - 6, MemoryAddress: E611B2 - E61F68 - E61F70 - 8793718 - 8128AC8 - E8C578 - 9D0040 - 9CFC26
00:15:52 [HCDumpListRecv] Count: 113, MaxCount: 303
00:15:52 [HCDumpListRecv] Count: 113, MaxCount: 303
00:15:52 [HCDumpListRecv] Count: 77, MaxCount: 303
00:15:52 [HCChecksumListRecv] Count: 0, MaxCount: 0
00:15:52 [HCInternalListRecv] Count: 15, MaxCount: 15
00:15:52 [HCWindowListRecv] Count: 0, MaxCount: 0
00:15:52 [EntryProc] DumpListMaxCount: 303, ChecksumListMaxCount: 0, InternalListMaxCount: 15, WindowListMaxCount: 0
00:15:54 [EntryProc] Initialization successful
00:18:07 ----------------------------------------------------------------------------------------------------
00:18:07 [CheckSystemInformation] ClientVersion: 1.7.0, SystemVersion: 6.2.9200, MemoryUsage: 9387/15662mb
00:18:07 [SplashScreen] SplashType: 0, TextSwitch: 1, DisplayText: Licensed to: Mu Liberty - 97D
00:18:07 [CHClientInfoSend] IsReconnect: 0, ClientFileCRC: 654E0DAE, HackVersion: 1.7.0, HardwareId: 2FC3A75D-B9B991A5-CD1EE71B-BA04EFD7
00:18:07 [HCClientInfoRecv] Result: 0, EncDecKey: 0 - 0, InternalVersion: 0, Reconnect: 1, MemoryGuard: 0 - 3, MacroProtect: 1 - 6, MemoryAddress: E611B2 - E61F68 - E61F70 - 8793718 - 8128AC8 - E8C578 - 9D0040 - 9CFC26
00:18:07 [HCDumpListRecv] Count: 113, MaxCount: 303
00:18:07 [HCDumpListRecv] Count: 113, MaxCount: 303
00:18:07 [HCDumpListRecv] Count: 77, MaxCount: 303
00:18:07 [HCChecksumListRecv] Count: 0, MaxCount: 0
00:18:07 [HCInternalListRecv] Count: 15, MaxCount: 15
00:18:07 [HCWindowListRecv] Count: 0, MaxCount: 0
00:18:07 [EntryProc] DumpListMaxCount: 303, ChecksumListMaxCount: 0, InternalListMaxCount: 15, WindowListMaxCount: 0
00:18:09 [EntryProc] Initialization successful
00:21:27 ----------------------------------------------------------------------------------------------------
00:21:27 [CheckSystemInformation] ClientVersion: 1.7.0, SystemVersion: 6.2.9200, MemoryUsage: 9612/15662mb
00:21:27 [SplashScreen] SplashType: 0, TextSwitch: 1, DisplayText: Licensed to: Mu Liberty - 97D
00:21:27 [CHClientInfoSend] IsReconnect: 0, ClientFileCRC: 654E0DAE, HackVersion: 1.7.0, HardwareId: 2FC3A75D-B9B991A5-CD1EE71B-BA04EFD7
00:21:27 [HCClientInfoRecv] Result: 0, EncDecKey: 0 - 0, InternalVersion: 0, Reconnect: 1, MemoryGuard: 0 - 3, MacroProtect: 1 - 6, MemoryAddress: E611B2 - E61F68 - E61F70 - 8793718 - 8128AC8 - E8C578 - 9D0040 - 9CFC26
00:21:27 [HCDumpListRecv] Count: 113, MaxCount: 303
00:21:27 [HCDumpListRecv] Count: 113, MaxCount: 303
00:21:27 [HCDumpListRecv] Count: 77, MaxCount: 303
00:21:27 [HCChecksumListRecv] Count: 0, MaxCount: 0
00:21:27 [HCInternalListRecv] Count: 15, MaxCount: 15
00:21:27 [HCWindowListRecv] Count: 0, MaxCount: 0
00:21:28 [EntryProc] DumpListMaxCount: 303, ChecksumListMaxCount: 0, InternalListMaxCount: 15, WindowListMaxCount: 0
00:21:30 [EntryProc] Initialization successful
00:54:09 ----------------------------------------------------------------------------------------------------
00:54:09 [CheckSystemInformation] ClientVersion: 1.7.0, SystemVersion: 6.2.9200, MemoryUsage: 9714/15662mb
00:54:09 [SplashScreen] SplashType: 0, TextSwitch: 1, DisplayText: Licensed to: Mu Liberty - 97D
00:54:09 [CHClientInfoSend] IsReconnect: 0, ClientFileCRC: 654E0DAE, HackVersion: 1.7.0, HardwareId: 2FC3A75D-B9B991A5-CD1EE71B-BA04EFD7
00:54:09 [HCClientInfoRecv] Result: 0, EncDecKey: 0 - 0, InternalVersion: 0, Reconnect: 1, MemoryGuard: 0 - 3, MacroProtect: 1 - 6, MemoryAddress: E611B2 - E61F68 - E61F70 - 8793718 - 8128AC8 - E8C578 - 9D0040 - 9CFC26
00:54:09 [HCDumpListRecv] Count: 113, MaxCount: 303
00:54:09 [HCDumpListRecv] Count: 113, MaxCount: 303
00:54:09 [HCDumpListRecv] Count: 77, MaxCount: 303
00:54:09 [HCChecksumListRecv] Count: 0, MaxCount: 0
00:54:09 [HCInternalListRecv] Count: 15, MaxCount: 15
00:54:09 [HCWindowListRecv] Count: 0, MaxCount: 0
00:54:09 [EntryProc] DumpListMaxCount: 303, ChecksumListMaxCount: 0, InternalListMaxCount: 15, WindowListMaxCount: 0
00:54:11 [EntryProc] Initialization successful
01:00:10 ----------------------------------------------------------------------------------------------------
01:00:10 [CheckSystemInformation] ClientVersion: 1.7.0, SystemVersion: 6.2.9200, MemoryUsage: 9688/15662mb
01:00:10 [SplashScreen] SplashType: 0, TextSwitch: 1, DisplayText: Licensed to: Mu Liberty - 97D
01:00:10 [CHClientInfoSend] IsReconnect: 0, ClientFileCRC: 654E0DAE, HackVersion: 1.7.0, HardwareId: 2FC3A75D-B9B991A5-CD1EE71B-BA04EFD7
01:00:10 [HCClientInfoRecv] Result: 0, EncDecKey: 0 - 0, InternalVersion: 0, Reconnect: 1, MemoryGuard: 0 - 3, MacroProtect: 1 - 6, MemoryAddress: E611B2 - E61F68 - E61F70 - 8793718 - 8128AC8 - E8C578 - 9D0040 - 9CFC26
01:00:10 [HCDumpListRecv] Count: 113, MaxCount: 303
01:00:10 [HCDumpListRecv] Count: 113, MaxCount: 303
01:00:10 [HCDumpListRecv] Count: 77, MaxCount: 303
01:00:10 [HCChecksumListRecv] Count: 0, MaxCount: 0
01:00:10 [HCInternalListRecv] Count: 15, MaxCount: 15
01:00:10 [HCWindowListRecv] Count: 0, MaxCount: 0
01:00:11 [EntryProc] DumpListMaxCount: 303, ChecksumListMaxCount: 0, InternalListMaxCount: 15, WindowListMaxCount: 0
01:00:13 [EntryProc] Initialization successful
01:01:56 ----------------------------------------------------------------------------------------------------
01:01:56 [CheckSystemInformation] ClientVersion: 1.7.0, SystemVersion: 6.2.9200, MemoryUsage: 9791/15662mb
01:01:56 [SplashScreen] SplashType: 0, TextSwitch: 1, DisplayText: Licensed to: Mu Liberty - 97D
01:01:56 [CHClientInfoSend] IsReconnect: 0, ClientFileCRC: 654E0DAE, HackVersion: 1.7.0, HardwareId: 2FC3A75D-B9B991A5-CD1EE71B-BA04EFD7
01:01:56 [HCClientInfoRecv] Result: 0, EncDecKey: 0 - 0, InternalVersion: 0, Reconnect: 1, MemoryGuard: 0 - 3, MacroProtect: 1 - 6, MemoryAddress: E611B2 - E61F68 - E61F70 - 8793718 - 8128AC8 - E8C578 - 9D0040 - 9CFC26
01:01:56 [HCDumpListRecv] Count: 113, MaxCount: 303
01:01:56 [HCDumpListRecv] Count: 113, MaxCount: 303
01:01:56 [HCDumpListRecv] Count: 77, MaxCount: 303
01:01:56 [HCChecksumListRecv] Count: 0, MaxCount: 0
01:01:56 [HCInternalListRecv] Count: 15, MaxCount: 15
01:01:56 [HCWindowListRecv] Count: 0, MaxCount: 0
01:01:57 [EntryProc] DumpListMaxCount: 303, ChecksumListMaxCount: 0, InternalListMaxCount: 15, WindowListMaxCount: 0
01:01:59 [EntryProc] Initialization successful
01:42:59 [CConnection::ClientWorkerThread] FD_CLOSE failed with error: 10053
01:43:00 [CConnection::DataSend] send() failed with error: 10054
01:43:12 [CConnection::Connect] connect() failed with error: 10061
01:43:19 [CConnection::Connect] connect() failed with error: 10061
01:43:27 [CConnection::Connect] connect() failed with error: 10061
01:43:35 [CConnection::Connect] connect() failed with error: 10061
01:43:42 [CConnection::Connect] connect() failed with error: 10061
01:43:49 [CConnection::Connect] connect() failed with error: 10061
01:43:56 [CConnection::Connect] connect() failed with error: 10061
01:44:03 [CConnection::Connect] connect() failed with error: 10061
01:44:11 [CConnection::Connect] connect() failed with error: 10061
01:44:18 [CConnection::Connect] connect() failed with error: 10061
01:44:25 [CConnection::Connect] connect() failed with error: 10061
01:44:32 [CConnection::Connect] connect() failed with error: 10061
01:44:39 [CConnection::Connect] connect() failed with error: 10061
01:44:46 [CConnection::Connect] connect() failed with error: 10061
01:44:53 [CConnection::Connect] connect() failed with error: 10061
01:45:00 [CConnection::Connect] connect() failed with error: 10061
01:45:07 [CConnection::Connect] connect() failed with error: 10061
01:45:14 [CConnection::Connect] connect() failed with error: 10061
01:45:21 [CConnection::Connect] connect() failed with error: 10061
01:45:29 [CConnection::Connect] connect() failed with error: 10061
01:45:36 [CConnection::Connect] connect() failed with error: 10061
01:45:43 [CConnection::Connect] connect() failed with error: 10061
01:45:50 [CConnection::Connect] connect() failed with error: 10061
01:45:57 [CConnection::Connect] connect() failed with error: 10061
01:46:04 [CConnection::Connect] connect() failed with error: 10061
01:46:11 [CConnection::Connect] connect() failed with error: 10061
01:46:18 [CConnection::Connect] connect() failed with error: 10061
01:46:26 [CConnection::Connect] connect() failed with error: 10061
01:46:33 [CConnection::Connect] connect() failed with error: 10061
01:46:40 [CConnection::Connect] connect() failed with error: 10061
01:46:47 [CConnection::Connect] connect() failed with error: 10061
01:46:54 [CConnection::Connect] connect() failed with error: 10061
01:47:01 [CConnection::Connect] connect() failed with error: 10061
01:47:08 [CConnection::Connect] connect() failed with error: 10061
01:47:15 [CConnection::Connect] connect() failed with error: 10061
01:47:22 [CConnection::Connect] connect() failed with error: 10061
01:47:29 [CConnection::Connect] connect() failed with error: 10061
01:47:37 [CConnection::Connect] connect() failed with error: 10061
01:47:44 [CConnection::Connect] connect() failed with error: 10061
01:47:58 [CConnection::Connect] connect() failed with error: 10061
01:48:05 [CConnection::Connect] connect() failed with error: 10061
01:48:12 [CConnection::Connect] connect() failed with error: 10061
01:48:19 [CConnection::Connect] connect() failed with error: 10061
01:48:26 [CConnection::Connect] connect() failed with error: 10061
01:48:34 [CConnection::Connect] connect() failed with error: 10061
01:48:41 [CConnection::Connect] connect() failed with error: 10061
01:48:48 [CConnection::Connect] connect() failed with error: 10061
01:48:55 [CConnection::Connect] connect() failed with error: 10061
01:49:02 [CConnection::Connect] connect() failed with error: 10061
01:49:09 [CConnection::Connect] connect() failed with error: 10061
01:49:16 [CConnection::Connect] connect() failed with error: 10061
01:49:23 [CConnection::Connect] connect() failed with error: 10061
01:49:30 [CConnection::Connect] connect() failed with error: 10061
01:49:37 [CConnection::Connect] connect() failed with error: 10061
01:49:44 [CConnection::Connect] connect() failed with error: 10061
01:49:51 [CConnection::Connect] connect() failed with error: 10061
01:49:58 [CConnection::Connect] connect() failed with error: 10061
01:50:05 [CConnection::Connect] connect() failed with error: 10061
01:50:13 [CConnection::Connect] connect() failed with error: 10061
01:50:20 [CConnection::Connect] connect() failed with error: 10061
01:50:27 [CConnection::Connect] connect() failed with error: 10061
01:50:34 [CConnection::Connect] connect() failed with error: 10061
01:50:41 [CConnection::Connect] connect() failed with error: 10061
01:50:48 [CConnection::Connect] connect() failed with error: 10061
01:51:03 [CConnection::Connect] connect() failed with error: 10061
01:51:10 [CConnection::Connect] connect() failed with error: 10061
01:51:17 [CConnection::Connect] connect() failed with error: 10061
01:51:24 [CConnection::Connect] connect() failed with error: 10061
01:51:31 [CConnection::Connect] connect() failed with error: 10061
01:51:38 [CConnection::Connect] connect() failed with error: 10061
01:51:45 [CConnection::Connect] connect() failed with error: 10061
01:51:52 [CConnection::Connect] connect() failed with error: 10061
01:52:00 [CConnection::Connect] connect() failed with error: 10061
01:52:07 [CConnection::Connect] connect() failed with error: 10061
01:52:14 [CConnection::Connect] connect() failed with error: 10061
01:52:21 [CConnection::Connect] connect() failed with error: 10061
01:52:28 [CConnection::Connect] connect() failed with error: 10061
01:52:35 [CConnection::Connect] connect() failed with error: 10061
01:52:42 [CConnection::Connect] connect() failed with error: 10061
01:52:49 [CConnection::Connect] connect() failed with error: 10061
01:52:56 [CConnection::Connect] connect() failed with error: 10061
01:53:03 [CConnection::Connect] connect() failed with error: 10061
01:53:10 [CConnection::Connect] connect() failed with error: 10061
01:53:17 [CConnection::Connect] connect() failed with error: 10061
01:53:24 [CConnection::Connect] connect() failed with error: 10061
01:53:32 [CConnection::Connect] connect() failed with error: 10061
01:53:39 [CConnection::Connect] connect() failed with error: 10061
01:53:46 [CConnection::Connect] connect() failed with error: 10061
01:53:53 [CConnection::Connect] connect() failed with error: 10061
01:54:07 [CConnection::Connect] connect() failed with error: 10061
01:54:14 [CConnection::Connect] connect() failed with error: 10061
01:54:21 [CConnection::Connect] connect() failed with error: 10061
01:54:28 [CConnection::Connect] connect() failed with error: 10061
01:54:36 [CConnection::Connect] connect() failed with error: 10061
01:54:43 [CConnection::Connect] connect() failed with error: 10061
01:54:50 [CConnection::Connect] connect() failed with error: 10061
01:54:57 [CConnection::Connect] connect() failed with error: 10061
01:55:04 [CConnection::Connect] connect() failed with error: 10061
01:55:11 [CConnection::Connect] connect() failed with error: 10061
01:55:18 [CConnection::Connect] connect() failed with error: 10061
01:55:25 [CConnection::Connect] connect() failed with error: 10061
01:55:32 [CConnection::Connect] connect() failed with error: 10061
01:55:39 [CConnection::Connect] connect() failed with error: 10061
01:55:46 [CConnection::Connect] connect() failed with error: 10061
01:55:53 [CConnection::Connect] connect() failed with error: 10061
01:56:00 [CConnection::Connect] connect() failed with error: 10061
01:56:07 [CConnection::Connect] connect() failed with error: 10061
01:56:15 [CConnection::Connect] connect() failed with error: 10061
01:56:22 [CConnection::Connect] connect() failed with error: 10061
01:56:29 [CConnection::Connect] connect() failed with error: 10061
01:56:36 [CConnection::Connect] connect() failed with error: 10061
01:56:43 [CConnection::Connect] connect() failed with error: 10061
01:56:50 [CConnection::Connect] connect() failed with error: 10061
01:56:57 [CConnection::Connect] connect() failed with error: 10061
01:57:04 [CConnection::Connect] connect() failed with error: 10061
01:57:11 [CConnection::Connect] connect() failed with error: 10061
01:57:18 [CConnection::Connect] connect() failed with error: 10061
01:57:26 [CConnection::Connect] connect() failed with error: 10061
01:57:33 [CConnection::Connect] connect() failed with error: 10061
01:57:40 [CConnection::Connect] connect() failed with error: 10061
01:57:47 [CConnection::Connect] connect() failed with error: 10061
01:57:54 [CConnection::Connect] connect() failed with error: 10061
01:58:01 [CConnection::Connect] connect() failed with error: 10061
01:58:08 [CConnection::Connect] connect() failed with error: 10061
01:58:15 [CConnection::Connect] connect() failed with error: 10061
01:58:22 [CConnection::Connect] connect() failed with error: 10061
01:58:29 [CConnection::Connect] connect() failed with error: 10061
01:58:36 [CConnection::Connect] connect() failed with error: 10061
01:58:43 [CConnection::Connect] connect() failed with error: 10061
01:58:50 [CConnection::Connect] connect() failed with error: 10061
01:58:58 [CConnection::Connect] connect() failed with error: 10061
01:59:05 [CConnection::Connect] connect() failed with error: 10061
01:59:12 [CConnection::Connect] connect() failed with error: 10061
01:59:19 [CConnection::Connect] connect() failed with error: 10061
01:59:26 [CConnection::Connect] connect() failed with error: 10061
01:59:33 [CConnection::Connect] connect() failed with error: 10061
01:59:40 [CConnection::Connect] connect() failed with error: 10061
01:59:47 [CConnection::Connect] connect() failed with error: 10061
01:59:54 [CConnection::Connect] connect() failed with error: 10061
02:00:01 [CConnection::Connect] connect() failed with error: 10061
02:00:08 [CConnection::Connect] connect() failed with error: 10061
02:00:15 [CConnection::Connect] connect() failed with error: 10061
02:00:23 [CConnection::Connect] connect() failed with error: 10061
02:00:30 [CConnection::Connect] connect() failed with error: 10061
02:00:37 [CConnection::Connect] connect() failed with error: 10061
02:00:44 [CConnection::Connect] connect() failed with error: 10061
02:00:51 [CConnection::Connect] connect() failed with error: 10061
02:00:58 [CConnection::Connect] connect() failed with error: 10061
02:01:05 [CConnection::Connect] connect() failed with error: 10061
02:01:13 [CConnection::Connect] connect() failed with error: 10061
02:01:20 [CConnection::Connect] connect() failed with error: 10061
02:01:27 [CConnection::Connect] connect() failed with error: 10061
02:01:34 [CConnection::Connect] connect() failed with error: 10061
02:01:41 [CConnection::Connect] connect() failed with error: 10061
02:01:48 [CConnection::Connect] connect() failed with error: 10061
02:01:55 [CConnection::Connect] connect() failed with error: 10061
02:02:03 [CConnection::Connect] connect() failed with error: 10061
02:02:10 [CConnection::Connect] connect() failed with error: 10061
02:02:17 [CConnection::Connect] connect() failed with error: 10061
02:02:24 [CConnection::Connect] connect() failed with error: 10061
02:02:31 [CConnection::Connect] connect() failed with error: 10061
02:02:38 [CConnection::Connect] connect() failed with error: 10061
02:02:45 [CConnection::Connect] connect() failed with error: 10061
02:02:53 [CConnection::Connect] connect() failed with error: 10061
02:03:00 [CConnection::Connect] connect() failed with error: 10061
02:03:07 [CConnection::Connect] connect() failed with error: 10061
02:03:14 [CConnection::Connect] connect() failed with error: 10061
02:03:21 [CConnection::Connect] connect() failed with error: 10061
02:03:28 [CConnection::Connect] connect() failed with error: 10061
02:03:35 [CConnection::Connect] connect() failed with error: 10061
02:03:43 [CConnection::Connect] connect() failed with error: 10061
02:03:50 [CConnection::Connect] connect() failed with error: 10061
02:03:57 [CConnection::Connect] connect() failed with error: 10061
02:06:32 ----------------------------------------------------------------------------------------------------
02:06:32 [CheckSystemInformation] ClientVersion: 1.7.0, SystemVersion: 6.2.9200, MemoryUsage: 9398/15662mb
02:06:32 [SplashScreen] SplashType: 0, TextSwitch: 1, DisplayText: Licensed to: Mu Liberty - 97D
02:06:32 [CHClientInfoSend] IsReconnect: 0, ClientFileCRC: 654E0DAE, HackVersion: 1.7.0, HardwareId: 2FC3A75D-B9B991A5-CD1EE71B-BA04EFD7
02:06:32 [HCClientInfoRecv] Result: 0, EncDecKey: 0 - 0, InternalVersion: 0, Reconnect: 1, MemoryGuard: 0 - 3, MacroProtect: 1 - 6, MemoryAddress: E611B2 - E61F68 - E61F70 - 8793718 - 8128AC8 - E8C578 - 9D0040 - 9CFC26
02:06:32 [HCDumpListRecv] Count: 113, MaxCount: 303
02:06:32 [HCDumpListRecv] Count: 113, MaxCount: 303
02:06:32 [HCDumpListRecv] Count: 77, MaxCount: 303
02:06:32 [HCChecksumListRecv] Count: 0, MaxCount: 0
02:06:32 [HCInternalListRecv] Count: 15, MaxCount: 15
02:06:32 [HCWindowListRecv] Count: 0, MaxCount: 0
02:06:32 [EntryProc] DumpListMaxCount: 303, ChecksumListMaxCount: 0, InternalListMaxCount: 15, WindowListMaxCount: 0
02:06:34 [EntryProc] Initialization successful
02:09:55 ----------------------------------------------------------------------------------------------------
02:09:55 [CheckSystemInformation] ClientVersion: 1.7.0, SystemVersion: 6.2.9200, MemoryUsage: 9285/15662mb
02:09:55 [SplashScreen] SplashType: 0, TextSwitch: 1, DisplayText: Licensed to: Mu Liberty - 97D
02:09:55 [CHClientInfoSend] IsReconnect: 0, ClientFileCRC: 654E0DAE, HackVersion: 1.7.0, HardwareId: 2FC3A75D-B9B991A5-CD1EE71B-BA04EFD7
02:09:55 [HCClientInfoRecv] Result: 0, EncDecKey: 0 - 0, InternalVersion: 0, Reconnect: 1, MemoryGuard: 0 - 3, MacroProtect: 1 - 6, MemoryAddress: E611B2 - E61F68 - E61F70 - 8793718 - 8128AC8 - E8C578 - 9D0040 - 9CFC26
02:09:55 [HCDumpListRecv] Count: 113, MaxCount: 303
02:09:55 [HCDumpListRecv] Count: 113, MaxCount: 303
02:09:55 [HCDumpListRecv] Count: 77, MaxCount: 303
02:09:55 [HCChecksumListRecv] Count: 0, MaxCount: 0
02:09:55 [HCInternalListRecv] Count: 15, MaxCount: 15
02:09:55 [HCWindowListRecv] Count: 0, MaxCount: 0
02:09:56 [EntryProc] DumpListMaxCount: 303, ChecksumListMaxCount: 0, InternalListMaxCount: 15, WindowListMaxCount: 0
02:09:58 [EntryProc] Initialization successful
02:16:14 ----------------------------------------------------------------------------------------------------
02:16:14 [CheckSystemInformation] ClientVersion: 1.7.0, SystemVersion: 6.2.9200, MemoryUsage: 9348/15662mb
02:16:14 [SplashScreen] SplashType: 0, TextSwitch: 1, DisplayText: Licensed to: Mu Liberty - 97D
02:16:14 [CHClientInfoSend] IsReconnect: 0, ClientFileCRC: 654E0DAE, HackVersion: 1.7.0, HardwareId: 2FC3A75D-B9B991A5-CD1EE71B-BA04EFD7
02:16:14 [HCClientInfoRecv] Result: 0, EncDecKey: 0 - 0, InternalVersion: 0, Reconnect: 1, MemoryGuard: 0 - 3, MacroProtect: 1 - 6, MemoryAddress: E611B2 - E61F68 - E61F70 - 8793718 - 8128AC8 - E8C578 - 9D0040 - 9CFC26
02:16:14 [HCDumpListRecv] Count: 113, MaxCount: 303
02:16:14 [HCDumpListRecv] Count: 113, MaxCount: 303
02:16:14 [HCDumpListRecv] Count: 77, MaxCount: 303
02:16:14 [HCChecksumListRecv] Count: 0, MaxCount: 0
02:16:14 [HCInternalListRecv] Count: 15, MaxCount: 15
02:16:14 [HCWindowListRecv] Count: 0, MaxCount: 0
02:16:15 [EntryProc] DumpListMaxCount: 303, ChecksumListMaxCount: 0, InternalListMaxCount: 15, WindowListMaxCount: 0
02:16:17 [EntryProc] Initialization successful
02:23:40 ----------------------------------------------------------------------------------------------------
02:23:40 [CheckSystemInformation] ClientVersion: 1.7.0, SystemVersion: 6.2.9200, MemoryUsage: 9221/15662mb
02:23:40 [SplashScreen] SplashType: 0, TextSwitch: 1, DisplayText: Licensed to: Mu Liberty - 97D
02:23:41 [CHClientInfoSend] IsReconnect: 0, ClientFileCRC: 654E0DAE, HackVersion: 1.7.0, HardwareId: 2FC3A75D-B9B991A5-CD1EE71B-BA04EFD7
02:23:41 [HCClientInfoRecv] Result: 0, EncDecKey: 0 - 0, InternalVersion: 0, Reconnect: 1, MemoryGuard: 0 - 3, MacroProtect: 1 - 6, MemoryAddress: E611B2 - E61F68 - E61F70 - 8793718 - 8128AC8 - E8C578 - 9D0040 - 9CFC26
02:23:41 [HCDumpListRecv] Count: 113, MaxCount: 303
02:23:41 [HCDumpListRecv] Count: 113, MaxCount: 303
02:23:41 [HCDumpListRecv] Count: 77, MaxCount: 303
02:23:41 [HCChecksumListRecv] Count: 0, MaxCount: 0
02:23:41 [HCInternalListRecv] Count: 15, MaxCount: 15
02:23:41 [HCWindowListRecv] Count: 0, MaxCount: 0
02:23:41 [EntryProc] DumpListMaxCount: 303, ChecksumListMaxCount: 0, InternalListMaxCount: 15, WindowListMaxCount: 0
02:23:43 [EntryProc] Initialization successful
02:30:18 ----------------------------------------------------------------------------------------------------
02:30:18 [CheckSystemInformation] ClientVersion: 1.7.0, SystemVersion: 6.2.9200, MemoryUsage: 9358/15662mb
02:30:18 [SplashScreen] SplashType: 0, TextSwitch: 1, DisplayText: Licensed to: Mu Liberty - 97D
02:30:18 [CHClientInfoSend] IsReconnect: 0, ClientFileCRC: 654E0DAE, HackVersion: 1.7.0, HardwareId: 2FC3A75D-B9B991A5-CD1EE71B-BA04EFD7
02:30:18 [HCClientInfoRecv] Result: 0, EncDecKey: 0 - 0, InternalVersion: 0, Reconnect: 1, MemoryGuard: 0 - 3, MacroProtect: 1 - 6, MemoryAddress: E611B2 - E61F68 - E61F70 - 8793718 - 8128AC8 - E8C578 - 9D0040 - 9CFC26
02:30:18 [HCDumpListRecv] Count: 113, MaxCount: 303
02:30:18 [HCDumpListRecv] Count: 113, MaxCount: 303
02:30:18 [HCDumpListRecv] Count: 77, MaxCount: 303
02:30:18 [HCChecksumListRecv] Count: 0, MaxCount: 0
02:30:18 [HCInternalListRecv] Count: 15, MaxCount: 15
02:30:18 [HCWindowListRecv] Count: 0, MaxCount: 0
02:30:18 [EntryProc] DumpListMaxCount: 303, ChecksumListMaxCount: 0, InternalListMaxCount: 15, WindowListMaxCount: 0
02:30:20 [EntryProc] Initialization successful
02:32:21 ----------------------------------------------------------------------------------------------------
02:32:21 [CheckSystemInformation] ClientVersion: 1.7.0, SystemVersion: 6.2.9200, MemoryUsage: 9386/15662mb
02:32:21 [SplashScreen] SplashType: 0, TextSwitch: 1, DisplayText: Licensed to: Mu Liberty - 97D
02:32:21 [CHClientInfoSend] IsReconnect: 0, ClientFileCRC: 654E0DAE, HackVersion: 1.7.0, HardwareId: 2FC3A75D-B9B991A5-CD1EE71B-BA04EFD7
02:32:21 [HCClientInfoRecv] Result: 0, EncDecKey: 0 - 0, InternalVersion: 0, Reconnect: 1, MemoryGuard: 0 - 3, MacroProtect: 1 - 6, MemoryAddress: E611B2 - E61F68 - E61F70 - 8793718 - 8128AC8 - E8C578 - 9D0040 - 9CFC26
02:32:21 [HCDumpListRecv] Count: 113, MaxCount: 303
02:32:21 [HCDumpListRecv] Count: 113, MaxCount: 303
02:32:21 [HCDumpListRecv] Count: 77, MaxCount: 303
02:32:21 [HCChecksumListRecv] Count: 0, MaxCount: 0
02:32:21 [HCInternalListRecv] Count: 15, MaxCount: 15
02:32:21 [HCWindowListRecv] Count: 0, MaxCount: 0
02:32:22 [EntryProc] DumpListMaxCount: 303, ChecksumListMaxCount: 0, InternalListMaxCount: 15, WindowListMaxCount: 0
02:32:24 [EntryProc] Initialization successful
02:35:31 ----------------------------------------------------------------------------------------------------
02:35:31 [CheckSystemInformation] ClientVersion: 1.7.0, SystemVersion: 6.2.9200, MemoryUsage: 9497/15662mb
02:35:31 [SplashScreen] SplashType: 0, TextSwitch: 1, DisplayText: Licensed to: Mu Liberty - 97D
02:35:31 [CHClientInfoSend] IsReconnect: 0, ClientFileCRC: 654E0DAE, HackVersion: 1.7.0, HardwareId: 2FC3A75D-B9B991A5-CD1EE71B-BA04EFD7
02:35:31 [HCClientInfoRecv] Result: 0, EncDecKey: 0 - 0, InternalVersion: 0, Reconnect: 1, MemoryGuard: 0 - 3, MacroProtect: 1 - 6, MemoryAddress: E611B2 - E61F68 - E61F70 - 8793718 - 8128AC8 - E8C578 - 9D0040 - 9CFC26
02:35:31 [HCDumpListRecv] Count: 113, MaxCount: 303
02:35:31 [HCDumpListRecv] Count: 113, MaxCount: 303
02:35:31 [HCDumpListRecv] Count: 77, MaxCount: 303
02:35:31 [HCChecksumListRecv] Count: 0, MaxCount: 0
02:35:31 [HCInternalListRecv] Count: 15, MaxCount: 15
02:35:31 [HCWindowListRecv] Count: 0, MaxCount: 0
02:35:32 [EntryProc] DumpListMaxCount: 303, ChecksumListMaxCount: 0, InternalListMaxCount: 15, WindowListMaxCount: 0
02:35:34 [EntryProc] Initialization successful
02:48:13 ----------------------------------------------------------------------------------------------------
02:48:13 [CheckSystemInformation] ClientVersion: 1.7.0, SystemVersion: 6.2.9200, MemoryUsage: 8838/15662mb
02:48:13 [SplashScreen] SplashType: 0, TextSwitch: 1, DisplayText: Licensed to: Mu Liberty - 97D
02:48:13 [CHClientInfoSend] IsReconnect: 0, ClientFileCRC: 654E0DAE, HackVersion: 1.7.0, HardwareId: 2FC3A75D-B9B991A5-CD1EE71B-BA04EFD7
02:48:13 [HCClientInfoRecv] Result: 0, EncDecKey: 0 - 0, InternalVersion: 0, Reconnect: 1, MemoryGuard: 0 - 3, MacroProtect: 1 - 6, MemoryAddress: E611B2 - E61F68 - E61F70 - 8793718 - 8128AC8 - E8C578 - 9D0040 - 9CFC26
02:48:13 [HCDumpListRecv] Count: 113, MaxCount: 303
02:48:13 [HCDumpListRecv] Count: 113, MaxCount: 303
02:48:13 [HCDumpListRecv] Count: 77, MaxCount: 303
02:48:13 [HCChecksumListRecv] Count: 0, MaxCount: 0
02:48:13 [HCInternalListRecv] Count: 15, MaxCount: 15
02:48:13 [HCWindowListRecv] Count: 0, MaxCount: 0
02:48:13 [EntryProc] DumpListMaxCount: 303, ChecksumListMaxCount: 0, InternalListMaxCount: 15, WindowListMaxCount: 0
02:48:15 [EntryProc] Initialization successful
03:13:10 ----------------------------------------------------------------------------------------------------
03:13:10 [CheckSystemInformation] ClientVersion: 1.7.0, SystemVersion: 6.2.9200, MemoryUsage: 8219/15662mb
03:13:10 [SplashScreen] SplashType: 0, TextSwitch: 1, DisplayText: Licensed to: Mu Liberty - 97D
03:13:10 [CHClientInfoSend] IsReconnect: 0, ClientFileCRC: 654E0DAE, HackVersion: 1.7.0, HardwareId: 2FC3A75D-B9B991A5-CD1EE71B-BA04EFD7
03:13:10 [HCClientInfoRecv] Result: 0, EncDecKey: 0 - 0, InternalVersion: 0, Reconnect: 1, MemoryGuard: 0 - 3, MacroProtect: 1 - 6, MemoryAddress: E611B2 - E61F68 - E61F70 - 8793718 - 8128AC8 - E8C578 - 9D0040 - 9CFC26
03:13:10 [HCDumpListRecv] Count: 113, MaxCount: 303
03:13:10 [HCDumpListRecv] Count: 113, MaxCount: 303
03:13:10 [HCDumpListRecv] Count: 77, MaxCount: 303
03:13:10 [HCChecksumListRecv] Count: 0, MaxCount: 0
03:13:10 [HCInternalListRecv] Count: 15, MaxCount: 15
03:13:10 [HCWindowListRecv] Count: 0, MaxCount: 0
03:13:11 [EntryProc] DumpListMaxCount: 303, ChecksumListMaxCount: 0, InternalListMaxCount: 15, WindowListMaxCount: 0
03:13:13 [EntryProc] Initialization successful
03:15:24 ----------------------------------------------------------------------------------------------------
03:15:24 [CheckSystemInformation] ClientVersion: 1.7.0, SystemVersion: 6.2.9200, MemoryUsage: 8313/15662mb
03:15:24 [SplashScreen] SplashType: 0, TextSwitch: 1, DisplayText: Licensed to: Mu Liberty - 97D
03:15:24 [CHClientInfoSend] IsReconnect: 0, ClientFileCRC: 654E0DAE, HackVersion: 1.7.0, HardwareId: 2FC3A75D-B9B991A5-CD1EE71B-BA04EFD7
03:15:24 [HCClientInfoRecv] Result: 0, EncDecKey: 0 - 0, InternalVersion: 0, Reconnect: 1, MemoryGuard: 0 - 3, MacroProtect: 1 - 6, MemoryAddress: E611B2 - E61F68 - E61F70 - 8793718 - 8128AC8 - E8C578 - 9D0040 - 9CFC26
03:15:24 [HCDumpListRecv] Count: 113, MaxCount: 303
03:15:24 [HCDumpListRecv] Count: 113, MaxCount: 303
03:15:24 [HCDumpListRecv] Count: 77, MaxCount: 303
03:15:24 [HCChecksumListRecv] Count: 0, MaxCount: 0
03:15:24 [HCInternalListRecv] Count: 15, MaxCount: 15
03:15:24 [HCWindowListRecv] Count: 0, MaxCount: 0
03:15:24 [EntryProc] DumpListMaxCount: 303, ChecksumListMaxCount: 0, InternalListMaxCount: 15, WindowListMaxCount: 0
03:15:26 [EntryProc] Initialization successful
03:18:21 ----------------------------------------------------------------------------------------------------
03:18:21 [CheckSystemInformation] ClientVersion: 1.7.0, SystemVersion: 6.2.9200, MemoryUsage: 8335/15662mb
03:18:21 [SplashScreen] SplashType: 0, TextSwitch: 1, DisplayText: Licensed to: Mu Liberty - 97D
03:18:21 [CHClientInfoSend] IsReconnect: 0, ClientFileCRC: 654E0DAE, HackVersion: 1.7.0, HardwareId: 2FC3A75D-B9B991A5-CD1EE71B-BA04EFD7
03:18:21 [HCClientInfoRecv] Result: 0, EncDecKey: 0 - 0, InternalVersion: 0, Reconnect: 1, MemoryGuard: 0 - 3, MacroProtect: 1 - 6, MemoryAddress: E611B2 - E61F68 - E61F70 - 8793718 - 8128AC8 - E8C578 - 9D0040 - 9CFC26
03:18:21 [HCDumpListRecv] Count: 113, MaxCount: 303
03:18:21 [HCDumpListRecv] Count: 113, MaxCount: 303
03:18:21 [HCDumpListRecv] Count: 77, MaxCount: 303
03:18:21 [HCChecksumListRecv] Count: 0, MaxCount: 0
03:18:21 [HCInternalListRecv] Count: 15, MaxCount: 15
03:18:21 [HCWindowListRecv] Count: 0, MaxCount: 0
03:18:22 [EntryProc] DumpListMaxCount: 303, ChecksumListMaxCount: 0, InternalListMaxCount: 15, WindowListMaxCount: 0
03:18:24 [EntryProc] Initialization successful
03:19:11 ----------------------------------------------------------------------------------------------------
03:19:11 [CheckSystemInformation] ClientVersion: 1.7.0, SystemVersion: 6.2.9200, MemoryUsage: 8371/15662mb
03:19:11 [SplashScreen] SplashType: 0, TextSwitch: 1, DisplayText: Licensed to: Mu Liberty - 97D
03:19:11 [CHClientInfoSend] IsReconnect: 0, ClientFileCRC: 654E0DAE, HackVersion: 1.7.0, HardwareId: 2FC3A75D-B9B991A5-CD1EE71B-BA04EFD7
03:19:11 [HCClientInfoRecv] Result: 0, EncDecKey: 0 - 0, InternalVersion: 0, Reconnect: 1, MemoryGuard: 0 - 3, MacroProtect: 1 - 6, MemoryAddress: E611B2 - E61F68 - E61F70 - 8793718 - 8128AC8 - E8C578 - 9D0040 - 9CFC26
03:19:11 [HCDumpListRecv] Count: 113, MaxCount: 303
03:19:11 [HCDumpListRecv] Count: 113, MaxCount: 303
03:19:11 [HCDumpListRecv] Count: 77, MaxCount: 303
03:19:11 [HCChecksumListRecv] Count: 0, MaxCount: 0
03:19:11 [HCInternalListRecv] Count: 15, MaxCount: 15
03:19:11 [HCWindowListRecv] Count: 0, MaxCount: 0
03:19:12 [EntryProc] DumpListMaxCount: 303, ChecksumListMaxCount: 0, InternalListMaxCount: 15, WindowListMaxCount: 0
03:19:14 [EntryProc] Initialization successful
03:21:01 ----------------------------------------------------------------------------------------------------
03:21:01 [CheckSystemInformation] ClientVersion: 1.7.0, SystemVersion: 6.2.9200, MemoryUsage: 8337/15662mb
03:21:01 [SplashScreen] SplashType: 0, TextSwitch: 1, DisplayText: Licensed to: Mu Liberty - 97D
03:21:01 [CHClientInfoSend] IsReconnect: 0, ClientFileCRC: 654E0DAE, HackVersion: 1.7.0, HardwareId: 2FC3A75D-B9B991A5-CD1EE71B-BA04EFD7
03:21:01 [HCClientInfoRecv] Result: 0, EncDecKey: 0 - 0, InternalVersion: 0, Reconnect: 1, MemoryGuard: 0 - 3, MacroProtect: 1 - 6, MemoryAddress: E611B2 - E61F68 - E61F70 - 8793718 - 8128AC8 - E8C578 - 9D0040 - 9CFC26
03:21:01 [HCDumpListRecv] Count: 113, MaxCount: 303
03:21:01 [HCDumpListRecv] Count: 113, MaxCount: 303
03:21:01 [HCDumpListRecv] Count: 77, MaxCount: 303
03:21:01 [HCChecksumListRecv] Count: 0, MaxCount: 0
03:21:01 [HCInternalListRecv] Count: 15, MaxCount: 15
03:21:01 [HCWindowListRecv] Count: 0, MaxCount: 0
03:21:01 [EntryProc] DumpListMaxCount: 303, ChecksumListMaxCount: 0, InternalListMaxCount: 15, WindowListMaxCount: 0
03:21:03 [EntryProc] Initialization successful
05:18:14 [CConnection::ClientWorkerThread] FD_CLOSE failed with error: 10053
05:18:17 [CConnection::DataSend] send() failed with error: 10054
05:18:24 [CConnection::Connect] connect() failed with error: 10061
05:18:31 [CConnection::Connect] connect() failed with error: 10061
05:18:38 [CConnection::Connect] connect() failed with error: 10061
05:18:45 [CConnection::Connect] connect() failed with error: 10061
05:18:52 [CConnection::Connect] connect() failed with error: 10061
05:18:59 [CConnection::Connect] connect() failed with error: 10061
05:19:06 [CConnection::Connect] connect() failed with error: 10061
05:19:13 [CConnection::Connect] connect() failed with error: 10061
05:19:21 [CConnection::Connect] connect() failed with error: 10061
05:19:28 [CConnection::Connect] connect() failed with error: 10061
05:19:35 [CConnection::Connect] connect() failed with error: 10061
05:19:42 [CConnection::Connect] connect() failed with error: 10061
05:19:49 [CConnection::Connect] connect() failed with error: 10061
05:19:56 [CConnection::Connect] connect() failed with error: 10061
05:20:03 [CConnection::Connect] connect() failed with error: 10061
05:20:10 [CConnection::Connect] connect() failed with error: 10061
05:20:17 [CConnection::Connect] connect() failed with error: 10061
05:20:25 [CConnection::Connect] connect() failed with error: 10061
05:20:32 [CConnection::Connect] connect() failed with error: 10061
05:20:39 [CConnection::Connect] connect() failed with error: 10061
05:20:46 [CConnection::Connect] connect() failed with error: 10061
05:20:53 [CConnection::Connect] connect() failed with error: 10061
05:21:00 [CConnection::Connect] connect() failed with error: 10061
05:21:07 [CConnection::Connect] connect() failed with error: 10061
05:21:14 [CConnection::Connect] connect() failed with error: 10061
05:21:21 [CConnection::Connect] connect() failed with error: 10061
05:21:29 [CConnection::Connect] connect() failed with error: 10061
05:21:36 [CConnection::Connect] connect() failed with error: 10061
05:21:43 [CConnection::Connect] connect() failed with error: 10061
05:21:50 [CConnection::Connect] connect() failed with error: 10061
05:21:57 [CConnection::Connect] connect() failed with error: 10061
05:22:04 [CConnection::Connect] connect() failed with error: 10061
05:22:11 [CConnection::Connect] connect() failed with error: 10061
05:22:18 [CConnection::Connect] connect() failed with error: 10061
05:22:25 [CConnection::Connect] connect() failed with error: 10061
05:22:32 [CConnection::Connect] connect() failed with error: 10061
05:22:40 [CConnection::Connect] connect() failed with error: 10061
05:22:47 [CConnection::Connect] connect() failed with error: 10061
05:22:54 [CConnection::Connect] connect() failed with error: 10061
05:23:01 [CConnection::Connect] connect() failed with error: 10061
05:23:08 [CConnection::Connect] connect() failed with error: 10061
05:23:15 [CConnection::Connect] connect() failed with error: 10061
05:23:22 [CConnection::Connect] connect() failed with error: 10061
05:23:29 [CConnection::Connect] connect() failed with error: 10061
05:23:37 [CConnection::Connect] connect() failed with error: 10061
05:23:44 [CConnection::Connect] connect() failed with error: 10061
05:23:51 [CConnection::Connect] connect() failed with error: 10061
05:23:58 [CConnection::Connect] connect() failed with error: 10061
05:24:05 [CConnection::Connect] connect() failed with error: 10061
05:24:12 [CConnection::Connect] connect() failed with error: 10061
05:24:19 [CConnection::Connect] connect() failed with error: 10061
05:24:26 [CConnection::Connect] connect() failed with error: 10061
05:24:33 [CConnection::Connect] connect() failed with error: 10061
05:24:40 [CConnection::Connect] connect() failed with error: 10061
05:24:48 [CConnection::Connect] connect() failed with error: 10061
05:24:55 [CConnection::Connect] connect() failed with error: 10061
05:25:02 [CConnection::Connect] connect() failed with error: 10061
05:25:09 [CConnection::Connect] connect() failed with error: 10061
05:25:16 [CConnection::Connect] connect() failed with error: 10061
05:25:23 [CConnection::Connect] connect() failed with error: 10061
05:25:30 [CConnection::Connect] connect() failed with error: 10061
05:25:37 [CConnection::Connect] connect() failed with error: 10061
05:25:44 [CConnection::Connect] connect() failed with error: 10061
05:25:51 [CConnection::Connect] connect() failed with error: 10061
05:25:58 [CConnection::Connect] connect() failed with error: 10061
05:26:06 [CConnection::Connect] connect() failed with error: 10061
05:26:13 [CConnection::Connect] connect() failed with error: 10061
05:26:20 [CConnection::Connect] connect() failed with error: 10061
05:26:27 [CConnection::Connect] connect() failed with error: 10061
05:26:34 [CConnection::Connect] connect() failed with error: 10061
05:26:41 [CConnection::Connect] connect() failed with error: 10061
05:26:48 [CConnection::Connect] connect() failed with error: 10061
05:26:55 [CConnection::Connect] connect() failed with error: 10061
05:27:02 [CConnection::Connect] connect() failed with error: 10061
05:27:10 [CConnection::Connect] connect() failed with error: 10061
05:27:17 [CConnection::Connect] connect() failed with error: 10061
05:27:24 [CConnection::Connect] connect() failed with error: 10061
05:27:31 [CConnection::Connect] connect() failed with error: 10061
05:27:38 [CConnection::Connect] connect() failed with error: 10061
05:27:45 [CConnection::Connect] connect() failed with error: 10061
05:27:52 [CConnection::Connect] connect() failed with error: 10061
05:27:59 [CConnection::Connect] connect() failed with error: 10061
05:28:06 [CConnection::Connect] connect() failed with error: 10061
05:28:13 [CConnection::Connect] connect() failed with error: 10061
05:28:20 [CConnection::Connect] connect() failed with error: 10061
05:28:28 [CConnection::Connect] connect() failed with error: 10061
05:28:35 [CConnection::Connect] connect() failed with error: 10061
05:28:42 [CConnection::Connect] connect() failed with error: 10061
05:28:49 [CConnection::Connect] connect() failed with error: 10061
05:28:56 [CConnection::Connect] connect() failed with error: 10061
05:29:03 [CConnection::Connect] connect() failed with error: 10061
05:29:10 [CConnection::Connect] connect() failed with error: 10061
05:29:17 [CConnection::Connect] connect() failed with error: 10061
05:29:24 [CConnection::Connect] connect() failed with error: 10061
05:29:32 [CConnection::Connect] connect() failed with error: 10061
05:29:39 [CConnection::Connect] connect() failed with error: 10061
05:29:46 [CConnection::Connect] connect() failed with error: 10061
05:29:53 [CConnection::Connect] connect() failed with error: 10061
05:30:00 [CConnection::Connect] connect() failed with error: 10061
05:30:07 [CConnection::Connect] connect() failed with error: 10061
05:30:14 [CConnection::Connect] connect() failed with error: 10061
05:30:21 [CConnection::Connect] connect() failed with error: 10061
05:30:28 [CConnection::Connect] connect() failed with error: 10061
05:30:35 [CConnection::Connect] connect() failed with error: 10061
05:30:42 [CConnection::Connect] connect() failed with error: 10061
05:30:50 [CConnection::Connect] connect() failed with error: 10061
05:30:57 [CConnection::Connect] connect() failed with error: 10061
05:31:04 [CConnection::Connect] connect() failed with error: 10061
05:31:11 [CConnection::Connect] connect() failed with error: 10061
05:31:18 [CConnection::Connect] connect() failed with error: 10061
05:31:25 [CConnection::Connect] connect() failed with error: 10061
05:31:32 [CConnection::Connect] connect() failed with error: 10061
05:31:39 [CConnection::Connect] connect() failed with error: 10061
05:31:46 [CConnection::Connect] connect() failed with error: 10061
15:42:56 ----------------------------------------------------------------------------------------------------
15:42:56 [CheckSystemInformation] ClientVersion: 1.7.0, SystemVersion: 6.2.9200, MemoryUsage: 9263/15662mb
15:42:56 [SplashScreen] SplashType: 0, TextSwitch: 1, DisplayText: Licensed to: Mu Liberty - 97D
15:42:56 [CHClientInfoSend] IsReconnect: 0, ClientFileCRC: 654E0DAE, HackVersion: 1.7.0, HardwareId: 2FC3A75D-B9B991A5-CD1EE71B-BA04EFD7
15:42:56 [HCClientInfoRecv] Result: 0, EncDecKey: 0 - 0, InternalVersion: 0, Reconnect: 1, MemoryGuard: 0 - 3, MacroProtect: 1 - 6, MemoryAddress: E611B2 - E61F68 - E61F70 - 8793718 - 8128AC8 - E8C578 - 9D0040 - 9CFC26
15:42:56 [HCDumpListRecv] Count: 113, MaxCount: 303
15:42:56 [HCDumpListRecv] Count: 113, MaxCount: 303
15:42:56 [HCDumpListRecv] Count: 77, MaxCount: 303
15:42:56 [HCChecksumListRecv] Count: 0, MaxCount: 0
15:42:56 [HCInternalListRecv] Count: 15, MaxCount: 15
15:42:56 [HCWindowListRecv] Count: 0, MaxCount: 0
15:42:56 [EntryProc] DumpListMaxCount: 303, ChecksumListMaxCount: 0, InternalListMaxCount: 15, WindowListMaxCount: 0
15:42:58 [EntryProc] Initialization successful
15:49:39 ----------------------------------------------------------------------------------------------------
15:49:39 [CheckSystemInformation] ClientVersion: 1.7.0, SystemVersion: 6.2.9200, MemoryUsage: 9440/15662mb
15:49:39 [SplashScreen] SplashType: 0, TextSwitch: 1, DisplayText: Licensed to: Mu Liberty - 97D
15:49:39 [CHClientInfoSend] IsReconnect: 0, ClientFileCRC: 654E0DAE, HackVersion: 1.7.0, HardwareId: 2FC3A75D-B9B991A5-CD1EE71B-BA04EFD7
15:49:39 [HCClientInfoRecv] Result: 0, EncDecKey: 0 - 0, InternalVersion: 0, Reconnect: 1, MemoryGuard: 0 - 3, MacroProtect: 1 - 6, MemoryAddress: E611B2 - E61F68 - E61F70 - 8793718 - 8128AC8 - E8C578 - 9D0040 - 9CFC26
15:49:39 [HCDumpListRecv] Count: 113, MaxCount: 303
15:49:39 [HCDumpListRecv] Count: 113, MaxCount: 303
15:49:39 [HCDumpListRecv] Count: 77, MaxCount: 303
15:49:39 [HCChecksumListRecv] Count: 0, MaxCount: 0
15:49:39 [HCInternalListRecv] Count: 15, MaxCount: 15
15:49:39 [HCWindowListRecv] Count: 0, MaxCount: 0
15:49:39 [EntryProc] DumpListMaxCount: 303, ChecksumListMaxCount: 0, InternalListMaxCount: 15, WindowListMaxCount: 0
15:49:41 [EntryProc] Initialization successful
15:50:01 ----------------------------------------------------------------------------------------------------
15:50:01 [CheckSystemInformation] ClientVersion: 1.7.0, SystemVersion: 6.2.9200, MemoryUsage: 9444/15662mb
15:50:01 [SplashScreen] SplashType: 0, TextSwitch: 1, DisplayText: Licensed to: Mu Liberty - 97D
15:50:01 [CHClientInfoSend] IsReconnect: 0, ClientFileCRC: 654E0DAE, HackVersion: 1.7.0, HardwareId: 2FC3A75D-B9B991A5-CD1EE71B-BA04EFD7
15:50:01 [HCClientInfoRecv] Result: 0, EncDecKey: 0 - 0, InternalVersion: 0, Reconnect: 1, MemoryGuard: 0 - 3, MacroProtect: 1 - 6, MemoryAddress: E611B2 - E61F68 - E61F70 - 8793718 - 8128AC8 - E8C578 - 9D0040 - 9CFC26
15:50:01 [HCDumpListRecv] Count: 113, MaxCount: 303
15:50:01 [HCDumpListRecv] Count: 113, MaxCount: 303
15:50:01 [HCDumpListRecv] Count: 77, MaxCount: 303
15:50:01 [HCChecksumListRecv] Count: 0, MaxCount: 0
15:50:01 [HCInternalListRecv] Count: 15, MaxCount: 15
15:50:01 [HCWindowListRecv] Count: 0, MaxCount: 0
15:50:02 [EntryProc] DumpListMaxCount: 303, ChecksumListMaxCount: 0, InternalListMaxCount: 15, WindowListMaxCount: 0
15:50:04 [EntryProc] Initialization successful
19:40:25 ----------------------------------------------------------------------------------------------------
19:40:25 [CheckSystemInformation] ClientVersion: 1.7.0, SystemVersion: 6.2.9200, MemoryUsage: 9348/15662mb
19:40:25 [SplashScreen] SplashType: 0, TextSwitch: 1, DisplayText: Licensed to: Mu Liberty - 97D
19:40:25 [CHClientInfoSend] IsReconnect: 0, ClientFileCRC: 654E0DAE, HackVersion: 1.7.0, HardwareId: 2FC3A75D-B9B991A5-CD1EE71B-BA04EFD7
19:40:25 [HCClientInfoRecv] Result: 0, EncDecKey: 0 - 0, InternalVersion: 0, Reconnect: 1, MemoryGuard: 0 - 3, MacroProtect: 1 - 6, MemoryAddress: E611B2 - E61F68 - E61F70 - 8793718 - 8128AC8 - E8C578 - 9D0040 - 9CFC26
19:40:25 [HCDumpListRecv] Count: 113, MaxCount: 303
19:40:25 [HCDumpListRecv] Count: 113, MaxCount: 303
19:40:25 [HCDumpListRecv] Count: 77, MaxCount: 303
19:40:25 [HCChecksumListRecv] Count: 0, MaxCount: 0
19:40:25 [HCInternalListRecv] Count: 15, MaxCount: 15
19:40:25 [HCWindowListRecv] Count: 0, MaxCount: 0
19:40:25 [EntryProc] DumpListMaxCount: 303, ChecksumListMaxCount: 0, InternalListMaxCount: 15, WindowListMaxCount: 0
19:40:27 [EntryProc] Initialization successful
19:41:12 ----------------------------------------------------------------------------------------------------
19:41:12 [CheckSystemInformation] ClientVersion: 1.7.0, SystemVersion: 6.2.9200, MemoryUsage: 9871/15662mb
19:41:12 [SplashScreen] SplashType: 0, TextSwitch: 1, DisplayText: Licensed to: Mu Liberty - 97D
19:41:12 [CHClientInfoSend] IsReconnect: 0, ClientFileCRC: 654E0DAE, HackVersion: 1.7.0, HardwareId: 2FC3A75D-B9B991A5-CD1EE71B-BA04EFD7
19:41:12 [HCClientInfoRecv] Result: 0, EncDecKey: 0 - 0, InternalVersion: 0, Reconnect: 1, MemoryGuard: 0 - 3, MacroProtect: 1 - 6, MemoryAddress: E611B2 - E61F68 - E61F70 - 8793718 - 8128AC8 - E8C578 - 9D0040 - 9CFC26
19:41:12 [HCDumpListRecv] Count: 113, MaxCount: 303
19:41:12 [HCDumpListRecv] Count: 113, MaxCount: 303
19:41:12 [HCDumpListRecv] Count: 77, MaxCount: 303
19:41:12 [HCChecksumListRecv] Count: 0, MaxCount: 0
19:41:12 [HCInternalListRecv] Count: 15, MaxCount: 15
19:41:12 [HCWindowListRecv] Count: 0, MaxCount: 0
19:41:12 [EntryProc] DumpListMaxCount: 303, ChecksumListMaxCount: 0, InternalListMaxCount: 15, WindowListMaxCount: 0
19:41:14 [EntryProc] Initialization successful
19:49:24 ----------------------------------------------------------------------------------------------------
19:49:24 [CheckSystemInformation] ClientVersion: 1.7.0, SystemVersion: 6.2.9200, MemoryUsage: 9326/15662mb
19:49:24 [SplashScreen] SplashType: 0, TextSwitch: 1, DisplayText: Licensed to: Mu Liberty - 97D
19:49:24 [CHClientInfoSend] IsReconnect: 0, ClientFileCRC: 654E0DAE, HackVersion: 1.7.0, HardwareId: 2FC3A75D-B9B991A5-CD1EE71B-BA04EFD7
19:49:24 [HCClientInfoRecv] Result: 0, EncDecKey: 0 - 0, InternalVersion: 0, Reconnect: 1, MemoryGuard: 0 - 3, MacroProtect: 1 - 6, MemoryAddress: E611B2 - E61F68 - E61F70 - 8793718 - 8128AC8 - E8C578 - 9D0040 - 9CFC26
19:49:24 [HCDumpListRecv] Count: 113, MaxCount: 303
19:49:24 [HCDumpListRecv] Count: 113, MaxCount: 303
19:49:24 [HCDumpListRecv] Count: 77, MaxCount: 303
19:49:24 [HCChecksumListRecv] Count: 0, MaxCount: 0
19:49:24 [HCInternalListRecv] Count: 15, MaxCount: 15
19:49:24 [HCWindowListRecv] Count: 0, MaxCount: 0
19:49:25 [EntryProc] DumpListMaxCount: 303, ChecksumListMaxCount: 0, InternalListMaxCount: 15, WindowListMaxCount: 0
19:49:27 [EntryProc] Initialization successful
19:49:52 ----------------------------------------------------------------------------------------------------
19:49:52 [CheckSystemInformation] ClientVersion: 1.7.0, SystemVersion: 6.2.9200, MemoryUsage: 9137/15662mb
19:49:52 [SplashScreen] SplashType: 0, TextSwitch: 1, DisplayText: Licensed to: Mu Liberty - 97D
19:49:52 [CHClientInfoSend] IsReconnect: 0, ClientFileCRC: 654E0DAE, HackVersion: 1.7.0, HardwareId: 2FC3A75D-B9B991A5-CD1EE71B-BA04EFD7
19:49:52 [HCClientInfoRecv] Result: 0, EncDecKey: 0 - 0, InternalVersion: 0, Reconnect: 1, MemoryGuard: 0 - 3, MacroProtect: 1 - 6, MemoryAddress: E611B2 - E61F68 - E61F70 - 8793718 - 8128AC8 - E8C578 - 9D0040 - 9CFC26
19:49:52 [HCDumpListRecv] Count: 113, MaxCount: 303
19:49:52 [HCDumpListRecv] Count: 113, MaxCount: 303
19:49:52 [HCDumpListRecv] Count: 77, MaxCount: 303
19:49:52 [HCChecksumListRecv] Count: 0, MaxCount: 0
19:49:52 [HCInternalListRecv] Count: 15, MaxCount: 15
19:49:52 [HCWindowListRecv] Count: 0, MaxCount: 0
19:49:53 [EntryProc] DumpListMaxCount: 303, ChecksumListMaxCount: 0, InternalListMaxCount: 15, WindowListMaxCount: 0
19:49:55 [EntryProc] Initialization successful
