16:49:22 ----------------------------------------------------------------------------------------------------
16:49:22 [CheckSystemInformation] ClientVersion: 1.7.0, SystemVersion: 6.2.9200, MemoryUsage: 8353/15662mb
16:49:22 [SplashScreen] SplashType: 0, TextSwitch: 1, DisplayText: Licensed to: Mu Liberty - 97D
16:49:22 [CHClientInfoSend] IsReconnect: 0, ClientFileCRC: 654E0DAE, HackVersion: 1.7.0, HardwareId: 2FC3A75D-B9B991A5-CD1EE71B-BA04EFD7
16:49:22 [HCClientInfoRecv] Result: 0, EncDecKey: 0 - 0, InternalVersion: 0, Reconnect: 1, MemoryGuard: 0 - 3, MacroProtect: 1 - 6, MemoryAddress: E611B2 - E61F68 - E61F70 - 8793718 - 8128AC8 - E8C578 - 9D0040 - 9CFC26
16:49:22 [HCDumpListRecv] Count: 113, MaxCount: 303
16:49:22 [HCDumpListRecv] Count: 113, MaxCount: 303
16:49:22 [HCDumpListRecv] Count: 77, MaxCount: 303
16:49:22 [HCChecksumListRecv] Count: 0, MaxCount: 0
16:49:22 [HCInternalListRecv] Count: 15, MaxCount: 15
16:49:22 [HCWindowListRecv] Count: 0, MaxCount: 0
16:49:22 [EntryProc] DumpListMaxCount: 303, ChecksumListMaxCount: 0, InternalListMaxCount: 15, WindowListMaxCount: 0
16:49:25 [EntryProc] Initialization successful
16:50:20 ----------------------------------------------------------------------------------------------------
16:50:20 [CheckSystemInformation] ClientVersion: 1.7.0, SystemVersion: 6.2.9200, MemoryUsage: 8533/15662mb
16:50:20 [SplashScreen] SplashType: 0, TextSwitch: 1, DisplayText: Licensed to: Mu Liberty - 97D
16:50:20 [CHClientInfoSend] IsReconnect: 0, ClientFileCRC: 654E0DAE, HackVersion: 1.7.0, HardwareId: 2FC3A75D-B9B991A5-CD1EE71B-BA04EFD7
16:50:20 [HCClientInfoRecv] Result: 0, EncDecKey: 0 - 0, InternalVersion: 0, Reconnect: 1, MemoryGuard: 0 - 3, MacroProtect: 1 - 6, MemoryAddress: E611B2 - E61F68 - E61F70 - 8793718 - 8128AC8 - E8C578 - 9D0040 - 9CFC26
16:50:20 [HCDumpListRecv] Count: 113, MaxCount: 303
16:50:20 [HCDumpListRecv] Count: 113, MaxCount: 303
16:50:20 [HCDumpListRecv] Count: 77, MaxCount: 303
16:50:20 [HCChecksumListRecv] Count: 0, MaxCount: 0
16:50:20 [HCInternalListRecv] Count: 15, MaxCount: 15
16:50:20 [HCWindowListRecv] Count: 0, MaxCount: 0
16:50:21 [EntryProc] DumpListMaxCount: 303, ChecksumListMaxCount: 0, InternalListMaxCount: 15, WindowListMaxCount: 0
16:50:23 [EntryProc] Initialization successful
16:51:06 ----------------------------------------------------------------------------------------------------
16:51:06 [CheckSystemInformation] ClientVersion: 1.7.0, SystemVersion: 6.2.9200, MemoryUsage: 8469/15662mb
16:51:06 [SplashScreen] SplashType: 0, TextSwitch: 1, DisplayText: Licensed to: Mu Liberty - 97D
16:51:06 [CHClientInfoSend] IsReconnect: 0, ClientFileCRC: 654E0DAE, HackVersion: 1.7.0, HardwareId: 2FC3A75D-B9B991A5-CD1EE71B-BA04EFD7
16:51:06 [HCClientInfoRecv] Result: 0, EncDecKey: 0 - 0, InternalVersion: 0, Reconnect: 1, MemoryGuard: 0 - 3, MacroProtect: 1 - 6, MemoryAddress: E611B2 - E61F68 - E61F70 - 8793718 - 8128AC8 - E8C578 - 9D0040 - 9CFC26
16:51:06 [HCDumpListRecv] Count: 113, MaxCount: 303
16:51:06 [HCDumpListRecv] Count: 113, MaxCount: 303
16:51:06 [HCDumpListRecv] Count: 77, MaxCount: 303
16:51:06 [HCChecksumListRecv] Count: 0, MaxCount: 0
16:51:06 [HCInternalListRecv] Count: 15, MaxCount: 15
16:51:06 [HCWindowListRecv] Count: 0, MaxCount: 0
16:51:07 [EntryProc] DumpListMaxCount: 303, ChecksumListMaxCount: 0, InternalListMaxCount: 15, WindowListMaxCount: 0
16:51:09 [EntryProc] Initialization successful
16:54:13 ----------------------------------------------------------------------------------------------------
16:54:13 [CheckSystemInformation] ClientVersion: 1.7.0, SystemVersion: 6.2.9200, MemoryUsage: 8451/15662mb
16:54:13 [SplashScreen] SplashType: 0, TextSwitch: 1, DisplayText: Licensed to: Mu Liberty - 97D
16:54:13 [CHClientInfoSend] IsReconnect: 0, ClientFileCRC: 654E0DAE, HackVersion: 1.7.0, HardwareId: 2FC3A75D-B9B991A5-CD1EE71B-BA04EFD7
16:54:13 [HCClientInfoRecv] Result: 0, EncDecKey: 0 - 0, InternalVersion: 0, Reconnect: 1, MemoryGuard: 0 - 3, MacroProtect: 1 - 6, MemoryAddress: E611B2 - E61F68 - E61F70 - 8793718 - 8128AC8 - E8C578 - 9D0040 - 9CFC26
16:54:13 [HCDumpListRecv] Count: 113, MaxCount: 303
16:54:13 [HCDumpListRecv] Count: 113, MaxCount: 303
16:54:13 [HCDumpListRecv] Count: 77, MaxCount: 303
16:54:13 [HCChecksumListRecv] Count: 0, MaxCount: 0
16:54:13 [HCInternalListRecv] Count: 15, MaxCount: 15
16:54:13 [HCWindowListRecv] Count: 0, MaxCount: 0
16:54:13 [EntryProc] DumpListMaxCount: 303, ChecksumListMaxCount: 0, InternalListMaxCount: 15, WindowListMaxCount: 0
16:54:15 [EntryProc] Initialization successful
18:17:08 ----------------------------------------------------------------------------------------------------
18:17:08 [CheckSystemInformation] ClientVersion: 1.7.0, SystemVersion: 6.2.9200, MemoryUsage: 9741/15662mb
18:17:08 [SplashScreen] SplashType: 0, TextSwitch: 1, DisplayText: Licensed to: Mu Liberty - 97D
18:17:08 [CHClientInfoSend] IsReconnect: 0, ClientFileCRC: 654E0DAE, HackVersion: 1.7.0, HardwareId: 2FC3A75D-B9B991A5-CD1EE71B-BA04EFD7
18:17:08 [HCClientInfoRecv] Result: 0, EncDecKey: 0 - 0, InternalVersion: 0, Reconnect: 1, MemoryGuard: 0 - 3, MacroProtect: 1 - 6, MemoryAddress: E611B2 - E61F68 - E61F70 - 8793718 - 8128AC8 - E8C578 - 9D0040 - 9CFC26
18:17:08 [HCDumpListRecv] Count: 113, MaxCount: 303
18:17:08 [HCDumpListRecv] Count: 113, MaxCount: 303
18:17:08 [HCDumpListRecv] Count: 77, MaxCount: 303
18:17:08 [HCChecksumListRecv] Count: 0, MaxCount: 0
18:17:08 [HCInternalListRecv] Count: 15, MaxCount: 15
18:17:08 [HCWindowListRecv] Count: 0, MaxCount: 0
18:17:09 [EntryProc] DumpListMaxCount: 303, ChecksumListMaxCount: 0, InternalListMaxCount: 15, WindowListMaxCount: 0
18:17:11 [EntryProc] Initialization successful
18:20:45 ----------------------------------------------------------------------------------------------------
18:20:45 [CheckSystemInformation] ClientVersion: 1.7.0, SystemVersion: 6.2.9200, MemoryUsage: 9779/15662mb
18:20:45 [SplashScreen] SplashType: 0, TextSwitch: 1, DisplayText: Licensed to: Mu Liberty - 97D
18:20:45 [CHClientInfoSend] IsReconnect: 0, ClientFileCRC: 654E0DAE, HackVersion: 1.7.0, HardwareId: 2FC3A75D-B9B991A5-CD1EE71B-BA04EFD7
18:20:45 [HCClientInfoRecv] Result: 0, EncDecKey: 0 - 0, InternalVersion: 0, Reconnect: 1, MemoryGuard: 0 - 3, MacroProtect: 1 - 6, MemoryAddress: E611B2 - E61F68 - E61F70 - 8793718 - 8128AC8 - E8C578 - 9D0040 - 9CFC26
18:20:45 [HCDumpListRecv] Count: 113, MaxCount: 303
18:20:45 [HCDumpListRecv] Count: 113, MaxCount: 303
18:20:45 [HCDumpListRecv] Count: 77, MaxCount: 303
18:20:45 [HCChecksumListRecv] Count: 0, MaxCount: 0
18:20:45 [HCInternalListRecv] Count: 15, MaxCount: 15
18:20:45 [HCWindowListRecv] Count: 0, MaxCount: 0
18:20:45 [EntryProc] DumpListMaxCount: 303, ChecksumListMaxCount: 0, InternalListMaxCount: 15, WindowListMaxCount: 0
18:20:47 [EntryProc] Initialization successful
18:22:23 ----------------------------------------------------------------------------------------------------
18:22:23 [CheckSystemInformation] ClientVersion: 1.7.0, SystemVersion: 6.2.9200, MemoryUsage: 9791/15662mb
18:22:23 [SplashScreen] SplashType: 0, TextSwitch: 1, DisplayText: Licensed to: Mu Liberty - 97D
18:22:23 [CHClientInfoSend] IsReconnect: 0, ClientFileCRC: 654E0DAE, HackVersion: 1.7.0, HardwareId: 2FC3A75D-B9B991A5-CD1EE71B-BA04EFD7
18:22:23 [HCClientInfoRecv] Result: 0, EncDecKey: 0 - 0, InternalVersion: 0, Reconnect: 1, MemoryGuard: 0 - 3, MacroProtect: 1 - 6, MemoryAddress: E611B2 - E61F68 - E61F70 - 8793718 - 8128AC8 - E8C578 - 9D0040 - 9CFC26
18:22:23 [HCDumpListRecv] Count: 113, MaxCount: 303
18:22:23 [HCDumpListRecv] Count: 113, MaxCount: 303
18:22:23 [HCDumpListRecv] Count: 77, MaxCount: 303
18:22:23 [HCChecksumListRecv] Count: 0, MaxCount: 0
18:22:23 [HCInternalListRecv] Count: 15, MaxCount: 15
18:22:23 [HCWindowListRecv] Count: 0, MaxCount: 0
18:22:24 [EntryProc] DumpListMaxCount: 303, ChecksumListMaxCount: 0, InternalListMaxCount: 15, WindowListMaxCount: 0
18:22:26 [EntryProc] Initialization successful
18:23:57 ----------------------------------------------------------------------------------------------------
18:23:57 [CheckSystemInformation] ClientVersion: 1.7.0, SystemVersion: 6.2.9200, MemoryUsage: 9553/15662mb
18:23:57 [SplashScreen] SplashType: 0, TextSwitch: 1, DisplayText: Licensed to: Mu Liberty - 97D
18:23:57 [CHClientInfoSend] IsReconnect: 0, ClientFileCRC: 654E0DAE, HackVersion: 1.7.0, HardwareId: 2FC3A75D-B9B991A5-CD1EE71B-BA04EFD7
18:23:57 [HCClientInfoRecv] Result: 0, EncDecKey: 0 - 0, InternalVersion: 0, Reconnect: 1, MemoryGuard: 0 - 3, MacroProtect: 1 - 6, MemoryAddress: E611B2 - E61F68 - E61F70 - 8793718 - 8128AC8 - E8C578 - 9D0040 - 9CFC26
18:23:57 [HCDumpListRecv] Count: 113, MaxCount: 303
18:23:57 [HCDumpListRecv] Count: 113, MaxCount: 303
18:23:57 [HCDumpListRecv] Count: 77, MaxCount: 303
18:23:57 [HCChecksumListRecv] Count: 0, MaxCount: 0
18:23:57 [HCInternalListRecv] Count: 15, MaxCount: 15
18:23:57 [HCWindowListRecv] Count: 0, MaxCount: 0
18:23:58 [EntryProc] DumpListMaxCount: 303, ChecksumListMaxCount: 0, InternalListMaxCount: 15, WindowListMaxCount: 0
18:24:00 [EntryProc] Initialization successful
18:24:58 ----------------------------------------------------------------------------------------------------
18:24:58 [CheckSystemInformation] ClientVersion: 1.7.0, SystemVersion: 6.2.9200, MemoryUsage: 9644/15662mb
18:24:58 [SplashScreen] SplashType: 0, TextSwitch: 1, DisplayText: Licensed to: Mu Liberty - 97D
18:24:58 [CHClientInfoSend] IsReconnect: 0, ClientFileCRC: 654E0DAE, HackVersion: 1.7.0, HardwareId: 2FC3A75D-B9B991A5-CD1EE71B-BA04EFD7
18:24:58 [HCClientInfoRecv] Result: 0, EncDecKey: 0 - 0, InternalVersion: 0, Reconnect: 1, MemoryGuard: 0 - 3, MacroProtect: 1 - 6, MemoryAddress: E611B2 - E61F68 - E61F70 - 8793718 - 8128AC8 - E8C578 - 9D0040 - 9CFC26
18:24:58 [HCDumpListRecv] Count: 113, MaxCount: 303
18:24:58 [HCDumpListRecv] Count: 113, MaxCount: 303
18:24:58 [HCDumpListRecv] Count: 77, MaxCount: 303
18:24:58 [HCChecksumListRecv] Count: 0, MaxCount: 0
18:24:58 [HCInternalListRecv] Count: 15, MaxCount: 15
18:24:58 [HCWindowListRecv] Count: 0, MaxCount: 0
18:24:59 [EntryProc] DumpListMaxCount: 303, ChecksumListMaxCount: 0, InternalListMaxCount: 15, WindowListMaxCount: 0
18:25:01 [EntryProc] Initialization successful
18:28:28 ----------------------------------------------------------------------------------------------------
18:28:28 [CheckSystemInformation] ClientVersion: 1.7.0, SystemVersion: 6.2.9200, MemoryUsage: 9925/15662mb
18:28:28 [SplashScreen] SplashType: 0, TextSwitch: 1, DisplayText: Licensed to: Mu Liberty - 97D
18:28:28 [CHClientInfoSend] IsReconnect: 0, ClientFileCRC: 654E0DAE, HackVersion: 1.7.0, HardwareId: 2FC3A75D-B9B991A5-CD1EE71B-BA04EFD7
18:28:28 [HCClientInfoRecv] Result: 0, EncDecKey: 0 - 0, InternalVersion: 0, Reconnect: 1, MemoryGuard: 0 - 3, MacroProtect: 1 - 6, MemoryAddress: E611B2 - E61F68 - E61F70 - 8793718 - 8128AC8 - E8C578 - 9D0040 - 9CFC26
18:28:28 [HCDumpListRecv] Count: 113, MaxCount: 303
18:28:28 [HCDumpListRecv] Count: 113, MaxCount: 303
18:28:28 [HCDumpListRecv] Count: 77, MaxCount: 303
18:28:28 [HCChecksumListRecv] Count: 0, MaxCount: 0
18:28:28 [HCInternalListRecv] Count: 15, MaxCount: 15
18:28:28 [HCWindowListRecv] Count: 0, MaxCount: 0
18:28:29 [EntryProc] DumpListMaxCount: 303, ChecksumListMaxCount: 0, InternalListMaxCount: 15, WindowListMaxCount: 0
18:28:31 [EntryProc] Initialization successful
18:51:32 ----------------------------------------------------------------------------------------------------
18:51:32 [CheckSystemInformation] ClientVersion: 1.7.0, SystemVersion: 6.2.9200, MemoryUsage: 9250/15662mb
18:51:32 [SplashScreen] SplashType: 0, TextSwitch: 1, DisplayText: Licensed to: Mu Liberty - 97D
18:51:32 [CHClientInfoSend] IsReconnect: 0, ClientFileCRC: 654E0DAE, HackVersion: 1.7.0, HardwareId: 2FC3A75D-B9B991A5-CD1EE71B-BA04EFD7
18:51:32 [HCClientInfoRecv] Result: 0, EncDecKey: 0 - 0, InternalVersion: 0, Reconnect: 1, MemoryGuard: 0 - 3, MacroProtect: 1 - 6, MemoryAddress: E611B2 - E61F68 - E61F70 - 8793718 - 8128AC8 - E8C578 - 9D0040 - 9CFC26
18:51:32 [HCDumpListRecv] Count: 113, MaxCount: 303
18:51:32 [HCDumpListRecv] Count: 113, MaxCount: 303
18:51:32 [HCDumpListRecv] Count: 77, MaxCount: 303
18:51:32 [HCChecksumListRecv] Count: 0, MaxCount: 0
18:51:32 [HCInternalListRecv] Count: 15, MaxCount: 15
18:51:32 [HCWindowListRecv] Count: 0, MaxCount: 0
18:51:32 [EntryProc] DumpListMaxCount: 303, ChecksumListMaxCount: 0, InternalListMaxCount: 15, WindowListMaxCount: 0
18:51:34 [EntryProc] Initialization successful
18:53:53 ----------------------------------------------------------------------------------------------------
18:53:53 [CheckSystemInformation] ClientVersion: 1.7.0, SystemVersion: 6.2.9200, MemoryUsage: 9324/15662mb
18:53:53 [SplashScreen] SplashType: 0, TextSwitch: 1, DisplayText: Licensed to: Mu Liberty - 97D
18:53:53 [CHClientInfoSend] IsReconnect: 0, ClientFileCRC: 654E0DAE, HackVersion: 1.7.0, HardwareId: 2FC3A75D-B9B991A5-CD1EE71B-BA04EFD7
18:53:53 [HCClientInfoRecv] Result: 0, EncDecKey: 0 - 0, InternalVersion: 0, Reconnect: 1, MemoryGuard: 0 - 3, MacroProtect: 1 - 6, MemoryAddress: E611B2 - E61F68 - E61F70 - 8793718 - 8128AC8 - E8C578 - 9D0040 - 9CFC26
18:53:53 [HCDumpListRecv] Count: 113, MaxCount: 303
18:53:53 [HCDumpListRecv] Count: 113, MaxCount: 303
18:53:53 [HCDumpListRecv] Count: 77, MaxCount: 303
18:53:53 [HCChecksumListRecv] Count: 0, MaxCount: 0
18:53:53 [HCInternalListRecv] Count: 15, MaxCount: 15
18:53:53 [HCWindowListRecv] Count: 0, MaxCount: 0
18:53:54 [EntryProc] DumpListMaxCount: 303, ChecksumListMaxCount: 0, InternalListMaxCount: 15, WindowListMaxCount: 0
18:53:56 [EntryProc] Initialization successful
18:54:39 ----------------------------------------------------------------------------------------------------
18:54:39 [CheckSystemInformation] ClientVersion: 1.7.0, SystemVersion: 6.2.9200, MemoryUsage: 9249/15662mb
18:54:39 [SplashScreen] SplashType: 0, TextSwitch: 1, DisplayText: Licensed to: Mu Liberty - 97D
18:54:39 [CHClientInfoSend] IsReconnect: 0, ClientFileCRC: 654E0DAE, HackVersion: 1.7.0, HardwareId: 2FC3A75D-B9B991A5-CD1EE71B-BA04EFD7
18:54:39 [HCClientInfoRecv] Result: 0, EncDecKey: 0 - 0, InternalVersion: 0, Reconnect: 1, MemoryGuard: 0 - 3, MacroProtect: 1 - 6, MemoryAddress: E611B2 - E61F68 - E61F70 - 8793718 - 8128AC8 - E8C578 - 9D0040 - 9CFC26
18:54:39 [HCDumpListRecv] Count: 113, MaxCount: 303
18:54:39 [HCDumpListRecv] Count: 113, MaxCount: 303
18:54:39 [HCDumpListRecv] Count: 77, MaxCount: 303
18:54:39 [HCChecksumListRecv] Count: 0, MaxCount: 0
18:54:39 [HCInternalListRecv] Count: 15, MaxCount: 15
18:54:39 [HCWindowListRecv] Count: 0, MaxCount: 0
18:54:40 [EntryProc] DumpListMaxCount: 303, ChecksumListMaxCount: 0, InternalListMaxCount: 15, WindowListMaxCount: 0
18:54:42 [EntryProc] Initialization successful
19:25:34 ----------------------------------------------------------------------------------------------------
19:25:34 [CheckSystemInformation] ClientVersion: 1.7.0, SystemVersion: 6.2.9200, MemoryUsage: 9235/15662mb
19:25:34 [SplashScreen] SplashType: 0, TextSwitch: 1, DisplayText: Licensed to: Mu Liberty - 97D
19:25:34 [CHClientInfoSend] IsReconnect: 0, ClientFileCRC: 654E0DAE, HackVersion: 1.7.0, HardwareId: 2FC3A75D-B9B991A5-CD1EE71B-BA04EFD7
19:25:34 [HCClientInfoRecv] Result: 0, EncDecKey: 0 - 0, InternalVersion: 0, Reconnect: 1, MemoryGuard: 0 - 3, MacroProtect: 1 - 6, MemoryAddress: E611B2 - E61F68 - E61F70 - 8793718 - 8128AC8 - E8C578 - 9D0040 - 9CFC26
19:25:34 [HCDumpListRecv] Count: 113, MaxCount: 303
19:25:34 [HCDumpListRecv] Count: 113, MaxCount: 303
19:25:34 [HCDumpListRecv] Count: 77, MaxCount: 303
19:25:34 [HCChecksumListRecv] Count: 0, MaxCount: 0
19:25:34 [HCInternalListRecv] Count: 15, MaxCount: 15
19:25:34 [HCWindowListRecv] Count: 0, MaxCount: 0
19:25:35 [EntryProc] DumpListMaxCount: 303, ChecksumListMaxCount: 0, InternalListMaxCount: 15, WindowListMaxCount: 0
19:25:37 [EntryProc] Initialization successful
19:42:15 ----------------------------------------------------------------------------------------------------
19:42:15 [CheckSystemInformation] ClientVersion: 1.7.0, SystemVersion: 6.2.9200, MemoryUsage: 9908/15662mb
19:42:15 [SplashScreen] SplashType: 0, TextSwitch: 1, DisplayText: Licensed to: Mu Liberty - 97D
19:42:15 [CHClientInfoSend] IsReconnect: 0, ClientFileCRC: 654E0DAE, HackVersion: 1.7.0, HardwareId: 2FC3A75D-B9B991A5-CD1EE71B-BA04EFD7
19:42:15 [HCClientInfoRecv] Result: 0, EncDecKey: 0 - 0, InternalVersion: 0, Reconnect: 1, MemoryGuard: 0 - 3, MacroProtect: 1 - 6, MemoryAddress: E611B2 - E61F68 - E61F70 - 8793718 - 8128AC8 - E8C578 - 9D0040 - 9CFC26
19:42:15 [HCDumpListRecv] Count: 113, MaxCount: 303
19:42:15 [HCDumpListRecv] Count: 113, MaxCount: 303
19:42:15 [HCDumpListRecv] Count: 77, MaxCount: 303
19:42:15 [HCChecksumListRecv] Count: 0, MaxCount: 0
19:42:15 [HCInternalListRecv] Count: 15, MaxCount: 15
19:42:15 [HCWindowListRecv] Count: 0, MaxCount: 0
19:42:16 [EntryProc] DumpListMaxCount: 303, ChecksumListMaxCount: 0, InternalListMaxCount: 15, WindowListMaxCount: 0
19:42:18 [EntryProc] Initialization successful
19:48:24 ----------------------------------------------------------------------------------------------------
19:48:24 [CheckSystemInformation] ClientVersion: 1.7.0, SystemVersion: 6.2.9200, MemoryUsage: 9360/15662mb
19:48:24 [SplashScreen] SplashType: 0, TextSwitch: 1, DisplayText: Licensed to: Mu Liberty - 97D
19:48:24 [CHClientInfoSend] IsReconnect: 0, ClientFileCRC: 654E0DAE, HackVersion: 1.7.0, HardwareId: 2FC3A75D-B9B991A5-CD1EE71B-BA04EFD7
19:48:24 [HCClientInfoRecv] Result: 0, EncDecKey: 0 - 0, InternalVersion: 0, Reconnect: 1, MemoryGuard: 0 - 3, MacroProtect: 1 - 6, MemoryAddress: E611B2 - E61F68 - E61F70 - 8793718 - 8128AC8 - E8C578 - 9D0040 - 9CFC26
19:48:24 [HCDumpListRecv] Count: 113, MaxCount: 303
19:48:24 [HCDumpListRecv] Count: 113, MaxCount: 303
19:48:24 [HCDumpListRecv] Count: 77, MaxCount: 303
19:48:24 [HCChecksumListRecv] Count: 0, MaxCount: 0
19:48:24 [HCInternalListRecv] Count: 15, MaxCount: 15
19:48:24 [HCWindowListRecv] Count: 0, MaxCount: 0
19:48:24 [EntryProc] DumpListMaxCount: 303, ChecksumListMaxCount: 0, InternalListMaxCount: 15, WindowListMaxCount: 0
19:48:26 [EntryProc] Initialization successful
20:14:45 ----------------------------------------------------------------------------------------------------
20:14:45 [CheckSystemInformation] ClientVersion: 1.7.0, SystemVersion: 6.2.9200, MemoryUsage: 9706/15662mb
20:14:45 [SplashScreen] SplashType: 0, TextSwitch: 1, DisplayText: Licensed to: Mu Liberty - 97D
20:14:45 [CHClientInfoSend] IsReconnect: 0, ClientFileCRC: 654E0DAE, HackVersion: 1.7.0, HardwareId: 2FC3A75D-B9B991A5-CD1EE71B-BA04EFD7
20:14:45 [HCClientInfoRecv] Result: 0, EncDecKey: 0 - 0, InternalVersion: 0, Reconnect: 1, MemoryGuard: 0 - 3, MacroProtect: 1 - 6, MemoryAddress: E611B2 - E61F68 - E61F70 - 8793718 - 8128AC8 - E8C578 - 9D0040 - 9CFC26
20:14:45 [HCDumpListRecv] Count: 113, MaxCount: 303
20:14:45 [HCDumpListRecv] Count: 113, MaxCount: 303
20:14:45 [HCDumpListRecv] Count: 77, MaxCount: 303
20:14:45 [HCChecksumListRecv] Count: 0, MaxCount: 0
20:14:45 [HCInternalListRecv] Count: 15, MaxCount: 15
20:14:45 [HCWindowListRecv] Count: 0, MaxCount: 0
20:14:46 [EntryProc] DumpListMaxCount: 303, ChecksumListMaxCount: 0, InternalListMaxCount: 15, WindowListMaxCount: 0
20:14:48 [EntryProc] Initialization successful
20:15:01 ----------------------------------------------------------------------------------------------------
20:15:01 [CheckSystemInformation] ClientVersion: 1.7.0, SystemVersion: 6.2.9200, MemoryUsage: 9715/15662mb
20:15:01 [SplashScreen] SplashType: 0, TextSwitch: 1, DisplayText: Licensed to: Mu Liberty - 97D
20:15:01 [CHClientInfoSend] IsReconnect: 0, ClientFileCRC: 654E0DAE, HackVersion: 1.7.0, HardwareId: 2FC3A75D-B9B991A5-CD1EE71B-BA04EFD7
20:15:01 [HCClientInfoRecv] Result: 0, EncDecKey: 0 - 0, InternalVersion: 0, Reconnect: 1, MemoryGuard: 0 - 3, MacroProtect: 1 - 6, MemoryAddress: E611B2 - E61F68 - E61F70 - 8793718 - 8128AC8 - E8C578 - 9D0040 - 9CFC26
20:15:01 [HCDumpListRecv] Count: 113, MaxCount: 303
20:15:01 [HCDumpListRecv] Count: 113, MaxCount: 303
20:15:01 [HCDumpListRecv] Count: 77, MaxCount: 303
20:15:01 [HCChecksumListRecv] Count: 0, MaxCount: 0
20:15:01 [HCInternalListRecv] Count: 15, MaxCount: 15
20:15:01 [HCWindowListRecv] Count: 0, MaxCount: 0
20:15:01 [EntryProc] DumpListMaxCount: 303, ChecksumListMaxCount: 0, InternalListMaxCount: 15, WindowListMaxCount: 0
20:15:03 [EntryProc] Initialization successful
20:16:08 ----------------------------------------------------------------------------------------------------
20:16:08 [CheckSystemInformation] ClientVersion: 1.7.0, SystemVersion: 6.2.9200, MemoryUsage: 9677/15662mb
20:16:08 [SplashScreen] SplashType: 0, TextSwitch: 1, DisplayText: Licensed to: Mu Liberty - 97D
20:16:08 [CHClientInfoSend] IsReconnect: 0, ClientFileCRC: 654E0DAE, HackVersion: 1.7.0, HardwareId: 2FC3A75D-B9B991A5-CD1EE71B-BA04EFD7
20:16:08 [HCClientInfoRecv] Result: 0, EncDecKey: 0 - 0, InternalVersion: 0, Reconnect: 1, MemoryGuard: 0 - 3, MacroProtect: 1 - 6, MemoryAddress: E611B2 - E61F68 - E61F70 - 8793718 - 8128AC8 - E8C578 - 9D0040 - 9CFC26
20:16:08 [HCDumpListRecv] Count: 113, MaxCount: 303
20:16:08 [HCDumpListRecv] Count: 113, MaxCount: 303
20:16:08 [HCDumpListRecv] Count: 77, MaxCount: 303
20:16:08 [HCChecksumListRecv] Count: 0, MaxCount: 0
20:16:08 [HCInternalListRecv] Count: 15, MaxCount: 15
20:16:08 [HCWindowListRecv] Count: 0, MaxCount: 0
20:16:08 [EntryProc] DumpListMaxCount: 303, ChecksumListMaxCount: 0, InternalListMaxCount: 15, WindowListMaxCount: 0
20:16:11 [EntryProc] Initialization successful
20:16:47 ----------------------------------------------------------------------------------------------------
20:16:47 [CheckSystemInformation] ClientVersion: 1.7.0, SystemVersion: 6.2.9200, MemoryUsage: 9625/15662mb
20:16:47 [SplashScreen] SplashType: 0, TextSwitch: 1, DisplayText: Licensed to: Mu Liberty - 97D
20:16:47 [CHClientInfoSend] IsReconnect: 0, ClientFileCRC: 654E0DAE, HackVersion: 1.7.0, HardwareId: 2FC3A75D-B9B991A5-CD1EE71B-BA04EFD7
20:16:47 [HCClientInfoRecv] Result: 0, EncDecKey: 0 - 0, InternalVersion: 0, Reconnect: 1, MemoryGuard: 0 - 3, MacroProtect: 1 - 6, MemoryAddress: E611B2 - E61F68 - E61F70 - 8793718 - 8128AC8 - E8C578 - 9D0040 - 9CFC26
20:16:47 [HCDumpListRecv] Count: 113, MaxCount: 303
20:16:47 [HCDumpListRecv] Count: 113, MaxCount: 303
20:16:47 [HCDumpListRecv] Count: 77, MaxCount: 303
20:16:47 [HCChecksumListRecv] Count: 0, MaxCount: 0
20:16:47 [HCInternalListRecv] Count: 15, MaxCount: 15
20:16:47 [HCWindowListRecv] Count: 0, MaxCount: 0
20:16:48 [EntryProc] DumpListMaxCount: 303, ChecksumListMaxCount: 0, InternalListMaxCount: 15, WindowListMaxCount: 0
20:16:50 [EntryProc] Initialization successful
