18:43:04 ----------------------------------------------------------------------------------------------------
18:43:04 [CheckSystemInformation] ClientVersion: 1.7.0, SystemVersion: 6.2.9200, MemoryUsage: 8240/15662mb
18:43:04 [SplashScreen] SplashType: 0, TextSwitch: 1, DisplayText: Licensed to: Liberty MU 97D
18:43:04 [CHClientInfoSend] IsReconnect: 0, ClientFileCRC: D8093F88, HackVersion: 1.7.0, HardwareId: 2FC3A75D-B9B991A5-CD1EE71B-BA04EFD7
18:43:04 [HCClientInfoRecv] Result: 0, EncDecKey: 0 - 0, InternalVersion: 0, Reconnect: 1, MemoryGuard: 0 - 3, MacroProtect: 1 - 6, MemoryAddress: E611B2 - E61F68 - E61F70 - 8793718 - 8128AC8 - E8C578 - 9D0040 - 9CFC26
18:43:04 [HCDumpListRecv] Count: 113, MaxCount: 303
18:43:04 [HCDumpListRecv] Count: 113, MaxCount: 303
18:43:04 [HCDumpListRecv] Count: 77, MaxCount: 303
18:43:04 [HCChecksumListRecv] Count: 0, MaxCount: 0
18:43:04 [HCInternalListRecv] Count: 15, MaxCount: 15
18:43:04 [HCWindowListRecv] Count: 0, MaxCount: 0
18:43:05 [EntryProc] DumpListMaxCount: 303, ChecksumListMaxCount: 0, InternalListMaxCount: 15, WindowListMaxCount: 0
18:43:07 [EntryProc] Initialization successful
18:59:27 ----------------------------------------------------------------------------------------------------
18:59:27 [CheckSystemInformation] ClientVersion: 1.7.0, SystemVersion: 6.2.9200, MemoryUsage: 8166/15662mb
18:59:27 [SplashScreen] SplashType: 0, TextSwitch: 1, DisplayText: Licensed to: Liberty MU 97D
18:59:27 [CHClientInfoSend] IsReconnect: 0, ClientFileCRC: D8093F88, HackVersion: 1.7.0, HardwareId: 2FC3A75D-B9B991A5-CD1EE71B-BA04EFD7
18:59:27 [HCClientInfoRecv] Result: 0, EncDecKey: 0 - 0, InternalVersion: 0, Reconnect: 1, MemoryGuard: 0 - 3, MacroProtect: 1 - 6, MemoryAddress: E611B2 - E61F68 - E61F70 - 8793718 - 8128AC8 - E8C578 - 9D0040 - 9CFC26
18:59:27 [HCDumpListRecv] Count: 113, MaxCount: 303
18:59:27 [HCDumpListRecv] Count: 113, MaxCount: 303
18:59:27 [HCDumpListRecv] Count: 77, MaxCount: 303
18:59:27 [HCChecksumListRecv] Count: 0, MaxCount: 0
18:59:27 [HCInternalListRecv] Count: 15, MaxCount: 15
18:59:27 [HCWindowListRecv] Count: 0, MaxCount: 0
18:59:27 [EntryProc] DumpListMaxCount: 303, ChecksumListMaxCount: 0, InternalListMaxCount: 15, WindowListMaxCount: 0
18:59:29 [EntryProc] Initialization successful
19:07:56 ----------------------------------------------------------------------------------------------------
19:07:56 [CheckSystemInformation] ClientVersion: 1.7.0, SystemVersion: 6.2.9200, MemoryUsage: 8295/15662mb
19:07:56 [SplashScreen] SplashType: 0, TextSwitch: 1, DisplayText: Licensed to: Liberty MU 97D
19:07:56 [CHClientInfoSend] IsReconnect: 0, ClientFileCRC: D8093F88, HackVersion: 1.7.0, HardwareId: 2FC3A75D-B9B991A5-CD1EE71B-BA04EFD7
19:07:56 [HCClientInfoRecv] Result: 0, EncDecKey: 0 - 0, InternalVersion: 0, Reconnect: 1, MemoryGuard: 0 - 3, MacroProtect: 1 - 6, MemoryAddress: E611B2 - E61F68 - E61F70 - 8793718 - 8128AC8 - E8C578 - 9D0040 - 9CFC26
19:07:56 [HCDumpListRecv] Count: 113, MaxCount: 303
19:07:56 [HCDumpListRecv] Count: 113, MaxCount: 303
19:07:56 [HCDumpListRecv] Count: 77, MaxCount: 303
19:07:56 [HCChecksumListRecv] Count: 0, MaxCount: 0
19:07:56 [HCInternalListRecv] Count: 15, MaxCount: 15
19:07:56 [HCWindowListRecv] Count: 0, MaxCount: 0
19:07:56 [EntryProc] DumpListMaxCount: 303, ChecksumListMaxCount: 0, InternalListMaxCount: 15, WindowListMaxCount: 0
19:07:58 [EntryProc] Initialization successful
19:11:21 ----------------------------------------------------------------------------------------------------
19:11:21 [CheckSystemInformation] ClientVersion: 1.7.0, SystemVersion: 6.2.9200, MemoryUsage: 8439/15662mb
19:11:21 [SplashScreen] SplashType: 0, TextSwitch: 1, DisplayText: Licensed to: Liberty MU 97D
19:11:21 [CHClientInfoSend] IsReconnect: 0, ClientFileCRC: D8093F88, HackVersion: 1.7.0, HardwareId: 2FC3A75D-B9B991A5-CD1EE71B-BA04EFD7
19:11:21 [HCClientInfoRecv] Result: 0, EncDecKey: 0 - 0, InternalVersion: 0, Reconnect: 1, MemoryGuard: 0 - 3, MacroProtect: 1 - 6, MemoryAddress: E611B2 - E61F68 - E61F70 - 8793718 - 8128AC8 - E8C578 - 9D0040 - 9CFC26
19:11:21 [HCDumpListRecv] Count: 113, MaxCount: 303
19:11:21 [HCDumpListRecv] Count: 113, MaxCount: 303
19:11:21 [HCDumpListRecv] Count: 77, MaxCount: 303
19:11:21 [HCChecksumListRecv] Count: 0, MaxCount: 0
19:11:21 [HCInternalListRecv] Count: 15, MaxCount: 15
19:11:21 [HCWindowListRecv] Count: 0, MaxCount: 0
19:11:22 [EntryProc] DumpListMaxCount: 303, ChecksumListMaxCount: 0, InternalListMaxCount: 15, WindowListMaxCount: 0
19:11:24 [EntryProc] Initialization successful
19:18:51 ----------------------------------------------------------------------------------------------------
19:18:51 [CheckSystemInformation] ClientVersion: 1.7.0, SystemVersion: 6.2.9200, MemoryUsage: 8360/15662mb
19:18:51 [SplashScreen] SplashType: 0, TextSwitch: 1, DisplayText: Licensed to: Liberty MU 97D
19:18:51 [CHClientInfoSend] IsReconnect: 0, ClientFileCRC: D8093F88, HackVersion: 1.7.0, HardwareId: 2FC3A75D-B9B991A5-CD1EE71B-BA04EFD7
19:18:51 [HCClientInfoRecv] Result: 0, EncDecKey: 0 - 0, InternalVersion: 0, Reconnect: 1, MemoryGuard: 0 - 3, MacroProtect: 1 - 6, MemoryAddress: E611B2 - E61F68 - E61F70 - 8793718 - 8128AC8 - E8C578 - 9D0040 - 9CFC26
19:18:51 [HCDumpListRecv] Count: 113, MaxCount: 303
19:18:51 [HCDumpListRecv] Count: 113, MaxCount: 303
19:18:51 [HCDumpListRecv] Count: 77, MaxCount: 303
19:18:51 [HCChecksumListRecv] Count: 0, MaxCount: 0
19:18:51 [HCInternalListRecv] Count: 15, MaxCount: 15
19:18:51 [HCWindowListRecv] Count: 0, MaxCount: 0
19:18:52 [EntryProc] DumpListMaxCount: 303, ChecksumListMaxCount: 0, InternalListMaxCount: 15, WindowListMaxCount: 0
19:18:54 [EntryProc] Initialization successful
19:19:49 ----------------------------------------------------------------------------------------------------
19:19:49 [CheckSystemInformation] ClientVersion: 1.7.0, SystemVersion: 6.2.9200, MemoryUsage: 8270/15662mb
19:19:49 [SplashScreen] SplashType: 0, TextSwitch: 1, DisplayText: Licensed to: Liberty MU 97D
19:19:49 [CHClientInfoSend] IsReconnect: 0, ClientFileCRC: D8093F88, HackVersion: 1.7.0, HardwareId: 2FC3A75D-B9B991A5-CD1EE71B-BA04EFD7
19:19:49 [HCClientInfoRecv] Result: 0, EncDecKey: 0 - 0, InternalVersion: 0, Reconnect: 1, MemoryGuard: 0 - 3, MacroProtect: 1 - 6, MemoryAddress: E611B2 - E61F68 - E61F70 - 8793718 - 8128AC8 - E8C578 - 9D0040 - 9CFC26
19:19:49 [HCDumpListRecv] Count: 113, MaxCount: 303
19:19:49 [HCDumpListRecv] Count: 113, MaxCount: 303
19:19:49 [HCDumpListRecv] Count: 77, MaxCount: 303
19:19:49 [HCChecksumListRecv] Count: 0, MaxCount: 0
19:19:49 [HCInternalListRecv] Count: 15, MaxCount: 15
19:19:49 [HCWindowListRecv] Count: 0, MaxCount: 0
19:19:50 [EntryProc] DumpListMaxCount: 303, ChecksumListMaxCount: 0, InternalListMaxCount: 15, WindowListMaxCount: 0
19:19:52 [EntryProc] Initialization successful
19:21:10 ----------------------------------------------------------------------------------------------------
19:21:10 [CheckSystemInformation] ClientVersion: 1.7.0, SystemVersion: 6.2.9200, MemoryUsage: 8418/15662mb
19:21:10 [SplashScreen] SplashType: 0, TextSwitch: 1, DisplayText: Licensed to: Liberty MU 97D
19:21:10 [CHClientInfoSend] IsReconnect: 0, ClientFileCRC: D8093F88, HackVersion: 1.7.0, HardwareId: 2FC3A75D-B9B991A5-CD1EE71B-BA04EFD7
19:21:10 [HCClientInfoRecv] Result: 0, EncDecKey: 0 - 0, InternalVersion: 0, Reconnect: 1, MemoryGuard: 0 - 3, MacroProtect: 1 - 6, MemoryAddress: E611B2 - E61F68 - E61F70 - 8793718 - 8128AC8 - E8C578 - 9D0040 - 9CFC26
19:21:10 [HCDumpListRecv] Count: 113, MaxCount: 303
19:21:10 [HCDumpListRecv] Count: 113, MaxCount: 303
19:21:10 [HCDumpListRecv] Count: 77, MaxCount: 303
19:21:10 [HCChecksumListRecv] Count: 0, MaxCount: 0
19:21:10 [HCInternalListRecv] Count: 15, MaxCount: 15
19:21:10 [HCWindowListRecv] Count: 0, MaxCount: 0
19:21:10 [EntryProc] DumpListMaxCount: 303, ChecksumListMaxCount: 0, InternalListMaxCount: 15, WindowListMaxCount: 0
19:21:12 [EntryProc] Initialization successful
19:22:34 ----------------------------------------------------------------------------------------------------
19:22:34 [CheckSystemInformation] ClientVersion: 1.7.0, SystemVersion: 6.2.9200, MemoryUsage: 8212/15662mb
19:22:34 [SplashScreen] SplashType: 0, TextSwitch: 1, DisplayText: Licensed to: Liberty MU 97D
19:22:34 [CHClientInfoSend] IsReconnect: 0, ClientFileCRC: D8093F88, HackVersion: 1.7.0, HardwareId: 2FC3A75D-B9B991A5-CD1EE71B-BA04EFD7
19:22:34 [HCClientInfoRecv] Result: 0, EncDecKey: 0 - 0, InternalVersion: 0, Reconnect: 1, MemoryGuard: 0 - 3, MacroProtect: 1 - 6, MemoryAddress: E611B2 - E61F68 - E61F70 - 8793718 - 8128AC8 - E8C578 - 9D0040 - 9CFC26
19:22:34 [HCDumpListRecv] Count: 113, MaxCount: 303
19:22:34 [HCDumpListRecv] Count: 113, MaxCount: 303
19:22:34 [HCDumpListRecv] Count: 77, MaxCount: 303
19:22:34 [HCChecksumListRecv] Count: 0, MaxCount: 0
19:22:34 [HCInternalListRecv] Count: 15, MaxCount: 15
19:22:34 [HCWindowListRecv] Count: 0, MaxCount: 0
19:22:34 [EntryProc] DumpListMaxCount: 303, ChecksumListMaxCount: 0, InternalListMaxCount: 15, WindowListMaxCount: 0
19:22:36 [EntryProc] Initialization successful
19:33:55 ----------------------------------------------------------------------------------------------------
19:33:55 [CheckSystemInformation] ClientVersion: 1.7.0, SystemVersion: 6.2.9200, MemoryUsage: 8109/15662mb
19:33:55 [SplashScreen] SplashType: 0, TextSwitch: 1, DisplayText: Licensed to: Liberty MU 97D
19:33:55 [CHClientInfoSend] IsReconnect: 0, ClientFileCRC: D8093F88, HackVersion: 1.7.0, HardwareId: 2FC3A75D-B9B991A5-CD1EE71B-BA04EFD7
19:33:55 [HCClientInfoRecv] Result: 0, EncDecKey: 0 - 0, InternalVersion: 0, Reconnect: 1, MemoryGuard: 0 - 3, MacroProtect: 1 - 6, MemoryAddress: E611B2 - E61F68 - E61F70 - 8793718 - 8128AC8 - E8C578 - 9D0040 - 9CFC26
19:33:55 [HCDumpListRecv] Count: 113, MaxCount: 303
19:33:55 [HCDumpListRecv] Count: 113, MaxCount: 303
19:33:55 [HCDumpListRecv] Count: 77, MaxCount: 303
19:33:55 [HCChecksumListRecv] Count: 0, MaxCount: 0
19:33:55 [HCInternalListRecv] Count: 15, MaxCount: 15
19:33:55 [HCWindowListRecv] Count: 0, MaxCount: 0
19:33:56 [EntryProc] DumpListMaxCount: 303, ChecksumListMaxCount: 0, InternalListMaxCount: 15, WindowListMaxCount: 0
19:33:58 [EntryProc] Initialization successful
19:37:16 [CConnection::ClientWorkerThread] FD_CLOSE failed with error: 10053
19:37:18 [CConnection::DataSend] send() failed with error: 10054
19:37:27 ----------------------------------------------------------------------------------------------------
19:37:27 [CheckSystemInformation] ClientVersion: 1.7.0, SystemVersion: 6.2.9200, MemoryUsage: 8344/15662mb
19:37:27 [SplashScreen] SplashType: 0, TextSwitch: 1, DisplayText: Licensed to: Liberty MU 97D
19:37:27 [CHClientInfoSend] IsReconnect: 0, ClientFileCRC: D8093F88, HackVersion: 1.7.0, HardwareId: 2FC3A75D-B9B991A5-CD1EE71B-BA04EFD7
19:37:27 [HCClientInfoRecv] Result: 0, EncDecKey: 0 - 0, InternalVersion: 0, Reconnect: 1, MemoryGuard: 0 - 3, MacroProtect: 1 - 6, MemoryAddress: E611B2 - E61F68 - E61F70 - 8793718 - 8128AC8 - E8C578 - 9D0040 - 9CFC26
19:37:27 [HCDumpListRecv] Count: 113, MaxCount: 303
19:37:27 [HCDumpListRecv] Count: 113, MaxCount: 303
19:37:27 [HCDumpListRecv] Count: 77, MaxCount: 303
19:37:27 [HCChecksumListRecv] Count: 0, MaxCount: 0
19:37:27 [HCInternalListRecv] Count: 15, MaxCount: 15
19:37:27 [HCWindowListRecv] Count: 0, MaxCount: 0
19:37:27 [EntryProc] DumpListMaxCount: 303, ChecksumListMaxCount: 0, InternalListMaxCount: 15, WindowListMaxCount: 0
19:37:29 [EntryProc] Initialization successful
19:42:37 ----------------------------------------------------------------------------------------------------
19:42:37 [CheckSystemInformation] ClientVersion: 1.7.0, SystemVersion: 6.2.9200, MemoryUsage: 8254/15662mb
19:42:37 [SplashScreen] SplashType: 0, TextSwitch: 1, DisplayText: Licensed to: Liberty MU 97D
19:42:37 [CHClientInfoSend] IsReconnect: 0, ClientFileCRC: D8093F88, HackVersion: 1.7.0, HardwareId: 2FC3A75D-B9B991A5-CD1EE71B-BA04EFD7
19:42:37 [HCClientInfoRecv] Result: 0, EncDecKey: 0 - 0, InternalVersion: 0, Reconnect: 1, MemoryGuard: 0 - 3, MacroProtect: 1 - 6, MemoryAddress: E611B2 - E61F68 - E61F70 - 8793718 - 8128AC8 - E8C578 - 9D0040 - 9CFC26
19:42:37 [HCDumpListRecv] Count: 113, MaxCount: 303
19:42:37 [HCDumpListRecv] Count: 113, MaxCount: 303
19:42:37 [HCDumpListRecv] Count: 77, MaxCount: 303
19:42:37 [HCChecksumListRecv] Count: 0, MaxCount: 0
19:42:37 [HCInternalListRecv] Count: 15, MaxCount: 15
19:42:37 [HCWindowListRecv] Count: 0, MaxCount: 0
19:42:37 [EntryProc] DumpListMaxCount: 303, ChecksumListMaxCount: 0, InternalListMaxCount: 15, WindowListMaxCount: 0
19:42:39 [EntryProc] Initialization successful
19:43:14 ----------------------------------------------------------------------------------------------------
19:43:14 [CheckSystemInformation] ClientVersion: 1.7.0, SystemVersion: 6.2.9200, MemoryUsage: 8284/15662mb
19:43:14 [SplashScreen] SplashType: 0, TextSwitch: 1, DisplayText: Licensed to: Liberty MU 97D
19:43:15 [CHClientInfoSend] IsReconnect: 0, ClientFileCRC: D8093F88, HackVersion: 1.7.0, HardwareId: 2FC3A75D-B9B991A5-CD1EE71B-BA04EFD7
19:43:15 [HCClientInfoRecv] Result: 0, EncDecKey: 0 - 0, InternalVersion: 0, Reconnect: 1, MemoryGuard: 0 - 3, MacroProtect: 1 - 6, MemoryAddress: E611B2 - E61F68 - E61F70 - 8793718 - 8128AC8 - E8C578 - 9D0040 - 9CFC26
19:43:15 [HCDumpListRecv] Count: 113, MaxCount: 303
19:43:15 [HCDumpListRecv] Count: 113, MaxCount: 303
19:43:15 [HCDumpListRecv] Count: 77, MaxCount: 303
19:43:15 [HCChecksumListRecv] Count: 0, MaxCount: 0
19:43:15 [HCInternalListRecv] Count: 15, MaxCount: 15
19:43:15 [HCWindowListRecv] Count: 0, MaxCount: 0
19:43:15 [EntryProc] DumpListMaxCount: 303, ChecksumListMaxCount: 0, InternalListMaxCount: 15, WindowListMaxCount: 0
19:43:17 [EntryProc] Initialization successful
19:44:04 ----------------------------------------------------------------------------------------------------
19:44:04 [CheckSystemInformation] ClientVersion: 1.7.0, SystemVersion: 6.2.9200, MemoryUsage: 8327/15662mb
19:44:04 [SplashScreen] SplashType: 0, TextSwitch: 1, DisplayText: Licensed to: Liberty MU 97D
19:44:04 [CHClientInfoSend] IsReconnect: 0, ClientFileCRC: D8093F88, HackVersion: 1.7.0, HardwareId: 2FC3A75D-B9B991A5-CD1EE71B-BA04EFD7
19:44:04 [HCClientInfoRecv] Result: 0, EncDecKey: 0 - 0, InternalVersion: 0, Reconnect: 1, MemoryGuard: 0 - 3, MacroProtect: 1 - 6, MemoryAddress: E611B2 - E61F68 - E61F70 - 8793718 - 8128AC8 - E8C578 - 9D0040 - 9CFC26
19:44:04 [HCDumpListRecv] Count: 113, MaxCount: 303
19:44:04 [HCDumpListRecv] Count: 113, MaxCount: 303
19:44:04 [HCDumpListRecv] Count: 77, MaxCount: 303
19:44:04 [HCChecksumListRecv] Count: 0, MaxCount: 0
19:44:04 [HCInternalListRecv] Count: 15, MaxCount: 15
19:44:04 [HCWindowListRecv] Count: 0, MaxCount: 0
19:44:05 [EntryProc] DumpListMaxCount: 303, ChecksumListMaxCount: 0, InternalListMaxCount: 15, WindowListMaxCount: 0
19:44:07 [EntryProc] Initialization successful
19:44:43 ----------------------------------------------------------------------------------------------------
19:44:43 [CheckSystemInformation] ClientVersion: 1.7.0, SystemVersion: 6.2.9200, MemoryUsage: 8363/15662mb
19:44:43 [SplashScreen] SplashType: 0, TextSwitch: 1, DisplayText: Licensed to: Liberty MU 97D
19:44:43 [CHClientInfoSend] IsReconnect: 0, ClientFileCRC: D8093F88, HackVersion: 1.7.0, HardwareId: 2FC3A75D-B9B991A5-CD1EE71B-BA04EFD7
19:44:43 [HCClientInfoRecv] Result: 0, EncDecKey: 0 - 0, InternalVersion: 0, Reconnect: 1, MemoryGuard: 0 - 3, MacroProtect: 1 - 6, MemoryAddress: E611B2 - E61F68 - E61F70 - 8793718 - 8128AC8 - E8C578 - 9D0040 - 9CFC26
19:44:43 [HCDumpListRecv] Count: 113, MaxCount: 303
19:44:43 [HCDumpListRecv] Count: 113, MaxCount: 303
19:44:43 [HCDumpListRecv] Count: 77, MaxCount: 303
19:44:43 [HCChecksumListRecv] Count: 0, MaxCount: 0
19:44:43 [HCInternalListRecv] Count: 15, MaxCount: 15
19:44:43 [HCWindowListRecv] Count: 0, MaxCount: 0
19:44:43 [EntryProc] DumpListMaxCount: 303, ChecksumListMaxCount: 0, InternalListMaxCount: 15, WindowListMaxCount: 0
19:44:45 [EntryProc] Initialization successful
19:45:30 ----------------------------------------------------------------------------------------------------
19:45:30 [CheckSystemInformation] ClientVersion: 1.7.0, SystemVersion: 6.2.9200, MemoryUsage: 8479/15662mb
19:45:30 [SplashScreen] SplashType: 0, TextSwitch: 1, DisplayText: Licensed to: Liberty MU 97D
19:45:30 [CHClientInfoSend] IsReconnect: 0, ClientFileCRC: D8093F88, HackVersion: 1.7.0, HardwareId: 2FC3A75D-B9B991A5-CD1EE71B-BA04EFD7
19:45:30 [HCClientInfoRecv] Result: 0, EncDecKey: 0 - 0, InternalVersion: 0, Reconnect: 1, MemoryGuard: 0 - 3, MacroProtect: 1 - 6, MemoryAddress: E611B2 - E61F68 - E61F70 - 8793718 - 8128AC8 - E8C578 - 9D0040 - 9CFC26
19:45:30 [HCDumpListRecv] Count: 113, MaxCount: 303
19:45:30 [HCDumpListRecv] Count: 113, MaxCount: 303
19:45:30 [HCDumpListRecv] Count: 77, MaxCount: 303
19:45:30 [HCChecksumListRecv] Count: 0, MaxCount: 0
19:45:30 [HCInternalListRecv] Count: 15, MaxCount: 15
19:45:30 [HCWindowListRecv] Count: 0, MaxCount: 0
19:45:31 [EntryProc] DumpListMaxCount: 303, ChecksumListMaxCount: 0, InternalListMaxCount: 15, WindowListMaxCount: 0
19:45:33 [EntryProc] Initialization successful
19:47:25 [CConnection::ClientWorkerThread] FD_CLOSE failed with error: 10053
19:47:27 [CConnection::DataSend] send() failed with error: 10054
19:47:37 [CHClientInfoSend] IsReconnect: 1, ClientFileCRC: D8093F88, HackVersion: 1.7.0, HardwareId: 2FC3A75D-B9B991A5-CD1EE71B-BA04EFD7
19:52:25 [CConnection::ClientWorkerThread] FD_CLOSE failed with error: 10053
19:52:26 [CConnection::DataSend] send() failed with error: 10054
19:52:36 [CHClientInfoSend] IsReconnect: 1, ClientFileCRC: D8093F88, HackVersion: 1.7.0, HardwareId: 2FC3A75D-B9B991A5-CD1EE71B-BA04EFD7
19:56:39 ----------------------------------------------------------------------------------------------------
19:56:39 [CheckSystemInformation] ClientVersion: 1.7.0, SystemVersion: 6.2.9200, MemoryUsage: 8627/15662mb
19:56:39 [SplashScreen] SplashType: 0, TextSwitch: 1, DisplayText: Licensed to: Liberty MU 97D
19:56:39 [CHClientInfoSend] IsReconnect: 0, ClientFileCRC: D8093F88, HackVersion: 1.7.0, HardwareId: 2FC3A75D-B9B991A5-CD1EE71B-BA04EFD7
19:56:39 [HCClientInfoRecv] Result: 0, EncDecKey: 0 - 0, InternalVersion: 0, Reconnect: 1, MemoryGuard: 0 - 3, MacroProtect: 1 - 6, MemoryAddress: E611B2 - E61F68 - E61F70 - 8793718 - 8128AC8 - E8C578 - 9D0040 - 9CFC26
19:56:39 [HCDumpListRecv] Count: 113, MaxCount: 303
19:56:39 [HCDumpListRecv] Count: 113, MaxCount: 303
19:56:39 [HCDumpListRecv] Count: 77, MaxCount: 303
19:56:39 [HCChecksumListRecv] Count: 0, MaxCount: 0
19:56:39 [HCInternalListRecv] Count: 15, MaxCount: 15
19:56:39 [HCWindowListRecv] Count: 0, MaxCount: 0
19:56:40 [EntryProc] DumpListMaxCount: 303, ChecksumListMaxCount: 0, InternalListMaxCount: 15, WindowListMaxCount: 0
19:56:42 [EntryProc] Initialization successful
19:57:06 ----------------------------------------------------------------------------------------------------
19:57:06 [CheckSystemInformation] ClientVersion: 1.7.0, SystemVersion: 6.2.9200, MemoryUsage: 8478/15662mb
19:57:06 [SplashScreen] SplashType: 0, TextSwitch: 1, DisplayText: Licensed to: Liberty MU 97D
19:57:06 [CHClientInfoSend] IsReconnect: 0, ClientFileCRC: D8093F88, HackVersion: 1.7.0, HardwareId: 2FC3A75D-B9B991A5-CD1EE71B-BA04EFD7
19:57:06 [HCClientInfoRecv] Result: 0, EncDecKey: 0 - 0, InternalVersion: 0, Reconnect: 1, MemoryGuard: 0 - 3, MacroProtect: 1 - 6, MemoryAddress: E611B2 - E61F68 - E61F70 - 8793718 - 8128AC8 - E8C578 - 9D0040 - 9CFC26
19:57:06 [HCDumpListRecv] Count: 113, MaxCount: 303
19:57:06 [HCDumpListRecv] Count: 113, MaxCount: 303
19:57:06 [HCDumpListRecv] Count: 77, MaxCount: 303
19:57:06 [HCChecksumListRecv] Count: 0, MaxCount: 0
19:57:06 [HCInternalListRecv] Count: 15, MaxCount: 15
19:57:06 [HCWindowListRecv] Count: 0, MaxCount: 0
19:57:07 [EntryProc] DumpListMaxCount: 303, ChecksumListMaxCount: 0, InternalListMaxCount: 15, WindowListMaxCount: 0
19:57:09 [EntryProc] Initialization successful
19:58:12 ----------------------------------------------------------------------------------------------------
19:58:12 [CheckSystemInformation] ClientVersion: 1.7.0, SystemVersion: 6.2.9200, MemoryUsage: 8456/15662mb
19:58:12 [SplashScreen] SplashType: 0, TextSwitch: 1, DisplayText: Licensed to: Liberty MU 97D
19:58:12 [CHClientInfoSend] IsReconnect: 0, ClientFileCRC: D8093F88, HackVersion: 1.7.0, HardwareId: 2FC3A75D-B9B991A5-CD1EE71B-BA04EFD7
19:58:12 [HCClientInfoRecv] Result: 0, EncDecKey: 0 - 0, InternalVersion: 0, Reconnect: 1, MemoryGuard: 0 - 3, MacroProtect: 1 - 6, MemoryAddress: E611B2 - E61F68 - E61F70 - 8793718 - 8128AC8 - E8C578 - 9D0040 - 9CFC26
19:58:12 [HCDumpListRecv] Count: 113, MaxCount: 303
19:58:12 [HCDumpListRecv] Count: 113, MaxCount: 303
19:58:12 [HCDumpListRecv] Count: 77, MaxCount: 303
19:58:12 [HCChecksumListRecv] Count: 0, MaxCount: 0
19:58:12 [HCInternalListRecv] Count: 15, MaxCount: 15
19:58:12 [HCWindowListRecv] Count: 0, MaxCount: 0
19:58:12 [EntryProc] DumpListMaxCount: 303, ChecksumListMaxCount: 0, InternalListMaxCount: 15, WindowListMaxCount: 0
19:58:14 [EntryProc] Initialization successful
20:16:07 [CConnection::ClientWorkerThread] FD_CLOSE failed with error: 10053
20:16:12 [CConnection::DataSend] send() failed with error: 10054
20:16:24 [CConnection::Connect] connect() failed with error: 10061
20:16:31 [CConnection::Connect] connect() failed with error: 10061
20:16:38 [CConnection::Connect] connect() failed with error: 10061
20:16:45 [CConnection::Connect] connect() failed with error: 10061
20:16:52 [CConnection::Connect] connect() failed with error: 10061
20:16:59 [CConnection::Connect] connect() failed with error: 10061
20:17:06 [CConnection::Connect] connect() failed with error: 10061
20:17:14 [CConnection::Connect] connect() failed with error: 10061
20:17:21 [CConnection::Connect] connect() failed with error: 10061
20:17:28 [CConnection::Connect] connect() failed with error: 10061
20:17:35 [CConnection::Connect] connect() failed with error: 10061
20:17:42 [CConnection::Connect] connect() failed with error: 10061
20:17:49 [CConnection::Connect] connect() failed with error: 10061
20:17:56 [CConnection::Connect] connect() failed with error: 10061
20:18:03 [CConnection::Connect] connect() failed with error: 10061
20:18:10 [CConnection::Connect] connect() failed with error: 10061
20:18:18 [CConnection::Connect] connect() failed with error: 10061
20:18:25 [CConnection::Connect] connect() failed with error: 10061
20:18:32 [CConnection::Connect] connect() failed with error: 10061
20:18:39 [CConnection::Connect] connect() failed with error: 10061
20:18:46 [CConnection::Connect] connect() failed with error: 10061
20:18:53 [CConnection::Connect] connect() failed with error: 10061
20:19:00 [CHClientInfoSend] IsReconnect: 1, ClientFileCRC: D8093F88, HackVersion: 1.7.0, HardwareId: 2FC3A75D-B9B991A5-CD1EE71B-BA04EFD7
20:19:49 ----------------------------------------------------------------------------------------------------
20:19:49 [CheckSystemInformation] ClientVersion: 1.7.0, SystemVersion: 6.2.9200, MemoryUsage: 8103/15662mb
20:19:49 [SplashScreen] SplashType: 0, TextSwitch: 1, DisplayText: Licensed to: Liberty MU 97D
20:19:49 [CHClientInfoSend] IsReconnect: 0, ClientFileCRC: D8093F88, HackVersion: 1.7.0, HardwareId: 2FC3A75D-B9B991A5-CD1EE71B-BA04EFD7
20:19:49 [HCClientInfoRecv] Result: 0, EncDecKey: 0 - 0, InternalVersion: 0, Reconnect: 1, MemoryGuard: 0 - 3, MacroProtect: 1 - 6, MemoryAddress: E611B2 - E61F68 - E61F70 - 8793718 - 8128AC8 - E8C578 - 9D0040 - 9CFC26
20:19:49 [HCDumpListRecv] Count: 113, MaxCount: 303
20:19:49 [HCDumpListRecv] Count: 113, MaxCount: 303
20:19:49 [HCDumpListRecv] Count: 77, MaxCount: 303
20:19:49 [HCChecksumListRecv] Count: 0, MaxCount: 0
20:19:49 [HCInternalListRecv] Count: 15, MaxCount: 15
20:19:49 [HCWindowListRecv] Count: 0, MaxCount: 0
20:19:49 [EntryProc] DumpListMaxCount: 303, ChecksumListMaxCount: 0, InternalListMaxCount: 15, WindowListMaxCount: 0
20:19:51 [EntryProc] Initialization successful
20:22:31 ----------------------------------------------------------------------------------------------------
20:22:31 [CheckSystemInformation] ClientVersion: 1.7.0, SystemVersion: 6.2.9200, MemoryUsage: 8343/15662mb
20:22:31 [SplashScreen] SplashType: 0, TextSwitch: 1, DisplayText: Licensed to: Liberty MU 97D
20:22:31 [CHClientInfoSend] IsReconnect: 0, ClientFileCRC: D8093F88, HackVersion: 1.7.0, HardwareId: 2FC3A75D-B9B991A5-CD1EE71B-BA04EFD7
20:22:31 [HCClientInfoRecv] Result: 0, EncDecKey: 0 - 0, InternalVersion: 0, Reconnect: 1, MemoryGuard: 0 - 3, MacroProtect: 1 - 6, MemoryAddress: E611B2 - E61F68 - E61F70 - 8793718 - 8128AC8 - E8C578 - 9D0040 - 9CFC26
20:22:31 [HCDumpListRecv] Count: 113, MaxCount: 303
20:22:31 [HCDumpListRecv] Count: 113, MaxCount: 303
20:22:31 [HCDumpListRecv] Count: 77, MaxCount: 303
20:22:31 [HCChecksumListRecv] Count: 0, MaxCount: 0
20:22:31 [HCInternalListRecv] Count: 15, MaxCount: 15
20:22:31 [HCWindowListRecv] Count: 0, MaxCount: 0
20:22:32 [EntryProc] DumpListMaxCount: 303, ChecksumListMaxCount: 0, InternalListMaxCount: 15, WindowListMaxCount: 0
20:22:34 [EntryProc] Initialization successful
20:23:53 ----------------------------------------------------------------------------------------------------
20:23:53 [CheckSystemInformation] ClientVersion: 1.7.0, SystemVersion: 6.2.9200, MemoryUsage: 8260/15662mb
20:23:53 [SplashScreen] SplashType: 0, TextSwitch: 1, DisplayText: Licensed to: Liberty MU 97D
20:23:54 [CHClientInfoSend] IsReconnect: 0, ClientFileCRC: D8093F88, HackVersion: 1.7.0, HardwareId: 2FC3A75D-B9B991A5-CD1EE71B-BA04EFD7
20:23:54 [HCClientInfoRecv] Result: 0, EncDecKey: 0 - 0, InternalVersion: 0, Reconnect: 1, MemoryGuard: 0 - 3, MacroProtect: 1 - 6, MemoryAddress: E611B2 - E61F68 - E61F70 - 8793718 - 8128AC8 - E8C578 - 9D0040 - 9CFC26
20:23:54 [HCDumpListRecv] Count: 113, MaxCount: 303
20:23:54 [HCDumpListRecv] Count: 113, MaxCount: 303
20:23:54 [HCDumpListRecv] Count: 77, MaxCount: 303
20:23:54 [HCChecksumListRecv] Count: 0, MaxCount: 0
20:23:54 [HCInternalListRecv] Count: 15, MaxCount: 15
20:23:54 [HCWindowListRecv] Count: 0, MaxCount: 0
20:23:54 [EntryProc] DumpListMaxCount: 303, ChecksumListMaxCount: 0, InternalListMaxCount: 15, WindowListMaxCount: 0
20:23:56 [EntryProc] Initialization successful
20:24:53 ----------------------------------------------------------------------------------------------------
20:24:53 [CheckSystemInformation] ClientVersion: 1.7.0, SystemVersion: 6.2.9200, MemoryUsage: 8203/15662mb
20:24:53 [SplashScreen] SplashType: 0, TextSwitch: 1, DisplayText: Licensed to: Liberty MU 97D
20:24:53 [CHClientInfoSend] IsReconnect: 0, ClientFileCRC: D8093F88, HackVersion: 1.7.0, HardwareId: 2FC3A75D-B9B991A5-CD1EE71B-BA04EFD7
20:24:53 [HCClientInfoRecv] Result: 0, EncDecKey: 0 - 0, InternalVersion: 0, Reconnect: 1, MemoryGuard: 0 - 3, MacroProtect: 1 - 6, MemoryAddress: E611B2 - E61F68 - E61F70 - 8793718 - 8128AC8 - E8C578 - 9D0040 - 9CFC26
20:24:53 [HCDumpListRecv] Count: 113, MaxCount: 303
20:24:53 [HCDumpListRecv] Count: 113, MaxCount: 303
20:24:53 [HCDumpListRecv] Count: 77, MaxCount: 303
20:24:53 [HCChecksumListRecv] Count: 0, MaxCount: 0
20:24:53 [HCInternalListRecv] Count: 15, MaxCount: 15
20:24:53 [HCWindowListRecv] Count: 0, MaxCount: 0
20:24:53 [EntryProc] DumpListMaxCount: 303, ChecksumListMaxCount: 0, InternalListMaxCount: 15, WindowListMaxCount: 0
20:24:55 [EntryProc] Initialization successful
20:53:05 [CConnection::ClientWorkerThread] FD_CLOSE failed with error: 10053
20:53:09 [CConnection::DataSend] send() failed with error: 10054
20:53:14 [CHClientInfoSend] IsReconnect: 1, ClientFileCRC: D8093F88, HackVersion: 1.7.0, HardwareId: 2FC3A75D-B9B991A5-CD1EE71B-BA04EFD7
20:59:19 ----------------------------------------------------------------------------------------------------
20:59:19 [CheckSystemInformation] ClientVersion: 1.7.0, SystemVersion: 6.2.9200, MemoryUsage: 7945/15662mb
20:59:19 [SplashScreen] SplashType: 0, TextSwitch: 1, DisplayText: Licensed to: Liberty MU 97D
20:59:19 [CHClientInfoSend] IsReconnect: 0, ClientFileCRC: D8093F88, HackVersion: 1.7.0, HardwareId: 2FC3A75D-B9B991A5-CD1EE71B-BA04EFD7
20:59:19 [HCClientInfoRecv] Result: 0, EncDecKey: 0 - 0, InternalVersion: 0, Reconnect: 1, MemoryGuard: 0 - 3, MacroProtect: 1 - 6, MemoryAddress: E611B2 - E61F68 - E61F70 - 8793718 - 8128AC8 - E8C578 - 9D0040 - 9CFC26
20:59:19 [HCDumpListRecv] Count: 113, MaxCount: 303
20:59:19 [HCDumpListRecv] Count: 113, MaxCount: 303
20:59:19 [HCDumpListRecv] Count: 77, MaxCount: 303
20:59:19 [HCChecksumListRecv] Count: 0, MaxCount: 0
20:59:19 [HCInternalListRecv] Count: 15, MaxCount: 15
20:59:19 [HCWindowListRecv] Count: 0, MaxCount: 0
20:59:19 [EntryProc] DumpListMaxCount: 303, ChecksumListMaxCount: 0, InternalListMaxCount: 15, WindowListMaxCount: 0
20:59:21 [EntryProc] Initialization successful
21:01:38 ----------------------------------------------------------------------------------------------------
21:01:38 [CheckSystemInformation] ClientVersion: 1.7.0, SystemVersion: 6.2.9200, MemoryUsage: 7885/15662mb
21:01:38 [SplashScreen] SplashType: 0, TextSwitch: 1, DisplayText: Licensed to: Liberty MU 97D
21:01:38 [CHClientInfoSend] IsReconnect: 0, ClientFileCRC: D8093F88, HackVersion: 1.7.0, HardwareId: 2FC3A75D-B9B991A5-CD1EE71B-BA04EFD7
21:01:38 [HCClientInfoRecv] Result: 0, EncDecKey: 0 - 0, InternalVersion: 0, Reconnect: 1, MemoryGuard: 0 - 3, MacroProtect: 1 - 6, MemoryAddress: E611B2 - E61F68 - E61F70 - 8793718 - 8128AC8 - E8C578 - 9D0040 - 9CFC26
21:01:38 [HCDumpListRecv] Count: 113, MaxCount: 303
21:01:38 [HCDumpListRecv] Count: 113, MaxCount: 303
21:01:38 [HCDumpListRecv] Count: 77, MaxCount: 303
21:01:38 [HCChecksumListRecv] Count: 0, MaxCount: 0
21:01:38 [HCInternalListRecv] Count: 15, MaxCount: 15
21:01:38 [HCWindowListRecv] Count: 0, MaxCount: 0
21:01:39 [EntryProc] DumpListMaxCount: 303, ChecksumListMaxCount: 0, InternalListMaxCount: 15, WindowListMaxCount: 0
21:01:41 [EntryProc] Initialization successful
23:24:07 ----------------------------------------------------------------------------------------------------
23:24:07 [CheckSystemInformation] ClientVersion: 1.7.0, SystemVersion: 6.2.9200, MemoryUsage: 8177/15662mb
23:24:07 [SplashScreen] SplashType: 0, TextSwitch: 1, DisplayText: Licensed to: Liberty MU 97D
23:24:07 [CHClientInfoSend] IsReconnect: 0, ClientFileCRC: D8093F88, HackVersion: 1.7.0, HardwareId: 2FC3A75D-B9B991A5-CD1EE71B-BA04EFD7
23:24:07 [HCClientInfoRecv] Result: 0, EncDecKey: 0 - 0, InternalVersion: 0, Reconnect: 1, MemoryGuard: 0 - 3, MacroProtect: 1 - 6, MemoryAddress: E611B2 - E61F68 - E61F70 - 8793718 - 8128AC8 - E8C578 - 9D0040 - 9CFC26
23:24:07 [HCDumpListRecv] Count: 113, MaxCount: 303
23:24:07 [HCDumpListRecv] Count: 113, MaxCount: 303
23:24:07 [HCDumpListRecv] Count: 77, MaxCount: 303
23:24:07 [HCChecksumListRecv] Count: 0, MaxCount: 0
23:24:07 [HCInternalListRecv] Count: 15, MaxCount: 15
23:24:07 [HCWindowListRecv] Count: 0, MaxCount: 0
23:24:07 [EntryProc] DumpListMaxCount: 303, ChecksumListMaxCount: 0, InternalListMaxCount: 15, WindowListMaxCount: 0
23:24:09 [EntryProc] Initialization successful
23:27:56 ----------------------------------------------------------------------------------------------------
23:27:56 [CheckSystemInformation] ClientVersion: 1.7.0, SystemVersion: 6.2.9200, MemoryUsage: 8781/15662mb
23:27:56 [SplashScreen] SplashType: 0, TextSwitch: 1, DisplayText: Licensed to: Liberty MU 97D
23:27:56 [CHClientInfoSend] IsReconnect: 0, ClientFileCRC: D8093F88, HackVersion: 1.7.0, HardwareId: 2FC3A75D-B9B991A5-CD1EE71B-BA04EFD7
23:27:56 [HCClientInfoRecv] Result: 0, EncDecKey: 0 - 0, InternalVersion: 0, Reconnect: 1, MemoryGuard: 0 - 3, MacroProtect: 1 - 6, MemoryAddress: E611B2 - E61F68 - E61F70 - 8793718 - 8128AC8 - E8C578 - 9D0040 - 9CFC26
23:27:56 [HCDumpListRecv] Count: 113, MaxCount: 303
23:27:56 [HCDumpListRecv] Count: 113, MaxCount: 303
23:27:56 [HCDumpListRecv] Count: 77, MaxCount: 303
23:27:56 [HCChecksumListRecv] Count: 0, MaxCount: 0
23:27:56 [HCInternalListRecv] Count: 15, MaxCount: 15
23:27:56 [HCWindowListRecv] Count: 0, MaxCount: 0
23:27:57 [EntryProc] DumpListMaxCount: 303, ChecksumListMaxCount: 0, InternalListMaxCount: 15, WindowListMaxCount: 0
23:27:59 [EntryProc] Initialization successful
23:29:37 ----------------------------------------------------------------------------------------------------
23:29:37 [CheckSystemInformation] ClientVersion: 1.7.0, SystemVersion: 6.2.9200, MemoryUsage: 8695/15662mb
23:29:37 [SplashScreen] SplashType: 0, TextSwitch: 1, DisplayText: Licensed to: Liberty MU 97D
23:29:37 [CHClientInfoSend] IsReconnect: 0, ClientFileCRC: D8093F88, HackVersion: 1.7.0, HardwareId: 2FC3A75D-B9B991A5-CD1EE71B-BA04EFD7
23:29:37 [HCClientInfoRecv] Result: 0, EncDecKey: 0 - 0, InternalVersion: 0, Reconnect: 1, MemoryGuard: 0 - 3, MacroProtect: 1 - 6, MemoryAddress: E611B2 - E61F68 - E61F70 - 8793718 - 8128AC8 - E8C578 - 9D0040 - 9CFC26
23:29:37 [HCDumpListRecv] Count: 113, MaxCount: 303
23:29:37 [HCDumpListRecv] Count: 113, MaxCount: 303
23:29:37 [HCDumpListRecv] Count: 77, MaxCount: 303
23:29:37 [HCChecksumListRecv] Count: 0, MaxCount: 0
23:29:37 [HCInternalListRecv] Count: 15, MaxCount: 15
23:29:37 [HCWindowListRecv] Count: 0, MaxCount: 0
23:29:38 [EntryProc] DumpListMaxCount: 303, ChecksumListMaxCount: 0, InternalListMaxCount: 15, WindowListMaxCount: 0
23:29:40 [EntryProc] Initialization successful
